.eslintrc.json
StaticResourceSources/BDE_jqtablesorter/style.css
StaticResourceSources/Bootstrap/css/bootstrap-namespaced-s1.css
StaticResourceSources/Bootstrap/css/bootstrap-namespaced.css
StaticResourceSources/Bootstrap/css/bootstrap-s1.css
StaticResourceSources/Bootstrap/css/bootstrap-theme.css
StaticResourceSources/Bootstrap/css/bootstrap.css
StaticResourceSources/Bootstrap/css/oneIcon.css
StaticResourceSources/Bootstrap/js/bootstrap.js
StaticResourceSources/Bootstrap/js/lte-ie7.js
StaticResourceSources/CollapsibleList/CollapsibleList.js
StaticResourceSources/RP_GettingStarted/css/style.css
StaticResourceSources/RP_GettingStarted/js/checkWidth.js
StaticResourceSources/RP_GettingStarted/js/loadMainVideo.js
StaticResourceSources/RP_GettingStarted/js/openNewTab.js
StaticResourceSources/Typeahead/typeahead.bundle.js
StaticResourceSources/arbor-v0.92/demos/_/graphics.js
StaticResourceSources/arbor-v0.92/demos/atlas/atlas.js
StaticResourceSources/arbor-v0.92/demos/atlas/index.html
StaticResourceSources/arbor-v0.92/demos/atlas/maps/africa.json
StaticResourceSources/arbor-v0.92/demos/atlas/maps/america.json
StaticResourceSources/arbor-v0.92/demos/atlas/maps/asia.json
StaticResourceSources/arbor-v0.92/demos/atlas/maps/europe.json
StaticResourceSources/arbor-v0.92/demos/atlas/maps/mideast.json
StaticResourceSources/arbor-v0.92/demos/atlas/maps/risk.json
StaticResourceSources/arbor-v0.92/demos/atlas/maps/usofa.json
StaticResourceSources/arbor-v0.92/demos/atlas/style/atlas.css
StaticResourceSources/arbor-v0.92/demos/echolalia/birds/bk42w74-f.json
StaticResourceSources/arbor-v0.92/demos/echolalia/birds/bk42w74-m.json
StaticResourceSources/arbor-v0.92/demos/echolalia/birds/bk42w74-r.json
StaticResourceSources/arbor-v0.92/demos/echolalia/birds/bk42w74.json
StaticResourceSources/arbor-v0.92/demos/echolalia/birds/bk43w73-f.json
StaticResourceSources/arbor-v0.92/demos/echolalia/birds/bk43w73-m.json
StaticResourceSources/arbor-v0.92/demos/echolalia/birds/bk43w73-r.json
StaticResourceSources/arbor-v0.92/demos/echolalia/birds/bk43w73.json
StaticResourceSources/arbor-v0.92/demos/echolalia/birds/bk70bk62-f.json
StaticResourceSources/arbor-v0.92/demos/echolalia/birds/bk70bk62-m.json
StaticResourceSources/arbor-v0.92/demos/echolalia/birds/bk70bk62-r.json
StaticResourceSources/arbor-v0.92/demos/echolalia/birds/bk70bk62.json
StaticResourceSources/arbor-v0.92/demos/echolalia/birds/bk95bk3-f.json
StaticResourceSources/arbor-v0.92/demos/echolalia/birds/bk95bk3-m.json
StaticResourceSources/arbor-v0.92/demos/echolalia/birds/bk95bk3-r.json
StaticResourceSources/arbor-v0.92/demos/echolalia/birds/bk95bk3.json
StaticResourceSources/arbor-v0.92/demos/echolalia/birds/g81w58-f.json
StaticResourceSources/arbor-v0.92/demos/echolalia/birds/g81w58-m.json
StaticResourceSources/arbor-v0.92/demos/echolalia/birds/g81w58-r.json
StaticResourceSources/arbor-v0.92/demos/echolalia/birds/g81w58.json
StaticResourceSources/arbor-v0.92/demos/echolalia/birds/g83w57-f.json
StaticResourceSources/arbor-v0.92/demos/echolalia/birds/g83w57-m.json
StaticResourceSources/arbor-v0.92/demos/echolalia/birds/g83w57-r.json
StaticResourceSources/arbor-v0.92/demos/echolalia/birds/g83w57.json
StaticResourceSources/arbor-v0.92/demos/echolalia/birds/pk60gr7-f.json
StaticResourceSources/arbor-v0.92/demos/echolalia/birds/pk60gr7-m.json
StaticResourceSources/arbor-v0.92/demos/echolalia/birds/pk60gr7-r.json
StaticResourceSources/arbor-v0.92/demos/echolalia/birds/pk60gr7.json
StaticResourceSources/arbor-v0.92/demos/echolalia/birds/r15bl29-f.json
StaticResourceSources/arbor-v0.92/demos/echolalia/birds/r15bl29-m.json
StaticResourceSources/arbor-v0.92/demos/echolalia/birds/r15bl29-r.json
StaticResourceSources/arbor-v0.92/demos/echolalia/birds/r15bl29.json
StaticResourceSources/arbor-v0.92/demos/echolalia/birds/r17pu46-f.json
StaticResourceSources/arbor-v0.92/demos/echolalia/birds/r17pu46-m.json
StaticResourceSources/arbor-v0.92/demos/echolalia/birds/r17pu46-r.json
StaticResourceSources/arbor-v0.92/demos/echolalia/birds/r17pu46.json
StaticResourceSources/arbor-v0.92/demos/echolalia/echolalia.js
StaticResourceSources/arbor-v0.92/demos/echolalia/index.html
StaticResourceSources/arbor-v0.92/demos/echolalia/style/echolalia.css
StaticResourceSources/arbor-v0.92/demos/halfviz/index.html
StaticResourceSources/arbor-v0.92/demos/halfviz/library/a-new-hope.json
StaticResourceSources/arbor-v0.92/demos/halfviz/library/case-of-the-silk-king.json
StaticResourceSources/arbor-v0.92/demos/halfviz/library/cube.json
StaticResourceSources/arbor-v0.92/demos/halfviz/library/date-with-destiny.json
StaticResourceSources/arbor-v0.92/demos/halfviz/library/house-of-danger.json
StaticResourceSources/arbor-v0.92/demos/halfviz/library/inside-ufo-54-40.json
StaticResourceSources/arbor-v0.92/demos/halfviz/library/journey-under-the-sea.json
StaticResourceSources/arbor-v0.92/demos/halfviz/library/mystery-of-the-secret-room.json
StaticResourceSources/arbor-v0.92/demos/halfviz/library/python-grammar.json
StaticResourceSources/arbor-v0.92/demos/halfviz/library/snowflake.json
StaticResourceSources/arbor-v0.92/demos/halfviz/library/the-abominable-snowman.json
StaticResourceSources/arbor-v0.92/demos/halfviz/library/the-cave-of-time.json
StaticResourceSources/arbor-v0.92/demos/halfviz/library/the-cavern-of-doom.json
StaticResourceSources/arbor-v0.92/demos/halfviz/library/the-mystery-of-chimney-rock.json
StaticResourceSources/arbor-v0.92/demos/halfviz/library/the-mystery-of-ura-senke.json
StaticResourceSources/arbor-v0.92/demos/halfviz/library/third-planet-from-altair.json
StaticResourceSources/arbor-v0.92/demos/halfviz/library/toc.json
StaticResourceSources/arbor-v0.92/demos/halfviz/src/dashboard.js
StaticResourceSources/arbor-v0.92/demos/halfviz/src/halfviz.js
StaticResourceSources/arbor-v0.92/demos/halfviz/src/help.js
StaticResourceSources/arbor-v0.92/demos/halfviz/src/io.js
StaticResourceSources/arbor-v0.92/demos/halfviz/src/parseur.js
StaticResourceSources/arbor-v0.92/demos/halfviz/src/renderer.js
StaticResourceSources/arbor-v0.92/demos/halfviz/style/halfviz.css
StaticResourceSources/arbor-v0.92/lib/arbor-tween.js
StaticResourceSources/arbor-v0.92/lib/arbor.js
StaticResourceSources/arbor-v0.92/src/dev.js
StaticResourceSources/arbor-v0.92/src/etc.js
StaticResourceSources/arbor-v0.92/src/graphics/colors.js
StaticResourceSources/arbor-v0.92/src/graphics/graphics.js
StaticResourceSources/arbor-v0.92/src/graphics/primitives.js
StaticResourceSources/arbor-v0.92/src/hermetic.js
StaticResourceSources/arbor-v0.92/src/kernel.js
StaticResourceSources/arbor-v0.92/src/physics/atoms.js
StaticResourceSources/arbor-v0.92/src/physics/barnes-hut.js
StaticResourceSources/arbor-v0.92/src/physics/physics.js
StaticResourceSources/arbor-v0.92/src/physics/system.js
StaticResourceSources/arbor-v0.92/src/physics/worker.js
StaticResourceSources/arbor-v0.92/src/tween/easing.js
StaticResourceSources/arbor-v0.92/src/tween/tween.js
StaticResourceSources/customDatatable/style.css
StaticResourceSources/jquery/jquery-3.5.0.js
StaticResourceSources/jquery-ui/jquery-ui-1.12.1.js
StaticResourceSources/npsp-slds/modal.js
StaticResourceSources/npsp-slds/npsp-common.css
StaticResourceSources/npsp-slds/remove-duplicate-required-mark.js
datasets/qa_org/users/perms_test_user.json
force-app/main/default/aura/BDI_ManageAdvancedMapping/BDI_ManageAdvancedMapping.css
force-app/main/default/aura/BDI_ManageAdvancedMapping/BDI_ManageAdvancedMappingController.js
force-app/main/default/aura/BDI_ManageAdvancedMapping/BDI_ManageAdvancedMappingHelper.js
force-app/main/default/aura/BGE_BatchGiftEntryTab/BGE_BatchGiftEntryTab.css
force-app/main/default/aura/BGE_BatchGiftEntryTab/BGE_BatchGiftEntryTabController.js
force-app/main/default/aura/BGE_BatchGiftEntryTab/BGE_BatchGiftEntryTabHelper.js
force-app/main/default/aura/BGE_ConfigurationWizard/BGE_ConfigurationWizard.css
force-app/main/default/aura/BGE_ConfigurationWizard/BGE_ConfigurationWizardController.js
force-app/main/default/aura/BGE_ConfigurationWizard/BGE_ConfigurationWizardHelper.js
force-app/main/default/aura/BGE_DataImportBatchEntry/BGE_DataImportBatchEntry.css
force-app/main/default/aura/BGE_DataImportBatchEntry/BGE_DataImportBatchEntryController.js
force-app/main/default/aura/BGE_DataImportBatchEntry/BGE_DataImportBatchEntryHelper.js
force-app/main/default/aura/BGE_DonationSelector/BGE_DonationSelector.css
force-app/main/default/aura/BGE_DonationSelector/BGE_DonationSelectorController.js
force-app/main/default/aura/BGE_DonationSelector/BGE_DonationSelectorHelper.js
force-app/main/default/aura/BGE_EntryForm/BGE_EntryForm.css
force-app/main/default/aura/BGE_EntryForm/BGE_EntryFormController.js
force-app/main/default/aura/BGE_EntryForm/BGE_EntryFormHelper.js
force-app/main/default/aura/CRLP_FilterGroup/CRLP_FilterGroup.css
force-app/main/default/aura/CRLP_FilterGroup/CRLP_FilterGroupController.js
force-app/main/default/aura/CRLP_FilterGroup/CRLP_FilterGroupHelper.js
force-app/main/default/aura/CRLP_Rollup/CRLP_Rollup.css
force-app/main/default/aura/CRLP_Rollup/CRLP_RollupController.js
force-app/main/default/aura/CRLP_Rollup/CRLP_RollupHelper.js
force-app/main/default/aura/CRLP_RollupsContainer/CRLP_RollupsContainer.css
force-app/main/default/aura/CRLP_RollupsContainer/CRLP_RollupsContainerController.js
force-app/main/default/aura/CRLP_RollupsContainer/CRLP_RollupsContainerHelper.js
force-app/main/default/aura/CRLP_SelectField/CRLP_SelectFieldController.js
force-app/main/default/aura/CRLP_Tooltip/CRLP_Tooltip.css
force-app/main/default/aura/CRLP_Tooltip/CRLP_TooltipController.js
force-app/main/default/aura/ERR_RecordLog/ERR_RecordLogController.js
force-app/main/default/aura/ERR_RecordLog/ERR_RecordLogHelper.js
force-app/main/default/aura/GE_GiftEntry/GE_GiftEntry.css
force-app/main/default/aura/GE_GiftEntry/GE_GiftEntryController.js
force-app/main/default/aura/GE_GiftEntry/GE_GiftEntryHelper.js
force-app/main/default/aura/GE_GiftEntryForm/GE_GiftEntryForm.css
force-app/main/default/aura/GE_GiftEntryForm/GE_GiftEntryFormController.js
force-app/main/default/aura/GE_TemplateBuilder/GE_TemplateBuilder.css
force-app/main/default/aura/GE_TemplateBuilder/GE_TemplateBuilderController.js
force-app/main/default/aura/HH_AddressMgr/HH_AddressMgr.css
force-app/main/default/aura/HH_AddressMgr/HH_AddressMgrController.js
force-app/main/default/aura/HH_AddressMgr/HH_AddressMgrHelper.js
force-app/main/default/aura/HH_AutoComplete/HH_AutoCompleteController.js
force-app/main/default/aura/HH_AutoComplete/HH_AutocompleteHelper.js
force-app/main/default/aura/HH_AutoCompleteDataProvider/HH_AutoCompleteDataProviderController.js
force-app/main/default/aura/HH_AutoCompleteOption/HH_AutoCompleteOptionController.js
force-app/main/default/aura/HH_Canvas/HH_CanvasController.js
force-app/main/default/aura/HH_Canvas/HH_CanvasHelper.js
force-app/main/default/aura/HH_Canvas/HH_CanvasRenderer.js
force-app/main/default/aura/HH_ContactCard/HH_ContactCard.css
force-app/main/default/aura/HH_ContactCard/HH_ContactCardController.js
force-app/main/default/aura/HH_ContactCard/HH_ContactCardHelper.js
force-app/main/default/aura/HH_Container/HH_Container.css
force-app/main/default/aura/HH_Container/HH_ContainerController.js
force-app/main/default/aura/HH_Container/HH_ContainerHelper.js
force-app/main/default/aura/RD2_EnablementDelegate/RD2_EnablementDelegate.css
force-app/main/default/aura/RD2_EnablementDelegate/RD2_EnablementDelegateController.js
force-app/main/default/aura/RD2_EnablementDelegate/RD2_EnablementDelegateHelper.js
force-app/main/default/aura/RD2_EnablementDelegateSimple/RD2_EnablementDelegateSimple.css
force-app/main/default/aura/RD2_EnablementDelegateSimple/RD2_EnablementDelegateSimpleController.js
force-app/main/default/aura/RD2_EnablementDelegateSimple/RD2_EnablementDelegateSimpleHelper.js
force-app/main/default/aura/RD2_EntryForm/RD2_EntryForm.css
force-app/main/default/aura/RD2_EntryForm/RD2_EntryFormController.js
force-app/main/default/aura/RD2_EntryForm/RD2_EntryFormHelper.js
force-app/main/default/aura/RD2_EntryForm/RD2_EntryFormRenderer.js
force-app/main/default/aura/RD2_PauseForm/RD2_PauseFormController.js
force-app/main/default/aura/RD2_PauseForm/RD2_PauseFormHelper.js
force-app/main/default/aura/autocomplete/autocompleteController.js
force-app/main/default/aura/autocomplete/autocompleteHelper.js
force-app/main/default/aura/autocompleteOption/autocompleteOptionController.js
force-app/main/default/aura/autocompleteOption/autocompleteOptionHelper.js
force-app/main/default/aura/modalFooter/modalFooterController.js
force-app/main/default/aura/modalFooter/modalFooterHelper.js
force-app/main/default/aura/modalHeader/modalHeaderController.js
force-app/main/default/aura/notificationRedirecter/notificationRedirecterController.js
force-app/main/default/aura/pageNotification/pageNotification.css
force-app/main/default/aura/svg/svgRenderer.js
force-app/main/default/lwc/accordionSection/accordionSection.css
force-app/main/default/lwc/accordionSection/accordionSection.html
force-app/main/default/lwc/accordionSection/accordionSection.js
force-app/main/default/lwc/batchProgress/batchProgress.html
force-app/main/default/lwc/batchProgress/batchProgress.js
force-app/main/default/lwc/bdeRetirementAlert/bdeRetirementAlert.html
force-app/main/default/lwc/bdeRetirementAlert/bdeRetirementAlert.js
force-app/main/default/lwc/bdiBatchNumberSettings/bdiBatchNumberSettings.html
force-app/main/default/lwc/bdiBatchNumberSettings/bdiBatchNumberSettings.js
force-app/main/default/lwc/bdiFieldMappingModal/bdiFieldMappingModal.html
force-app/main/default/lwc/bdiFieldMappingModal/bdiFieldMappingModal.js
force-app/main/default/lwc/bdiFieldMappings/bdiFieldMappings.css
force-app/main/default/lwc/bdiFieldMappings/bdiFieldMappings.html
force-app/main/default/lwc/bdiFieldMappings/bdiFieldMappings.js
force-app/main/default/lwc/bdiObjectMappingModal/bdiObjectMappingModal.html
force-app/main/default/lwc/bdiObjectMappingModal/bdiObjectMappingModal.js
force-app/main/default/lwc/bdiObjectMappings/bdiObjectMappings.css
force-app/main/default/lwc/bdiObjectMappings/bdiObjectMappings.html
force-app/main/default/lwc/bdiObjectMappings/bdiObjectMappings.js
force-app/main/default/lwc/customDatatable/customDatatable.js
force-app/main/default/lwc/customDatatable/picklistTypeTemplate.html
force-app/main/default/lwc/customPicklistType/customPicklistType.html
force-app/main/default/lwc/customPicklistType/customPicklistType.js
force-app/main/default/lwc/donationHistory/donationHistory.html
force-app/main/default/lwc/donationHistory/donationHistory.js
force-app/main/default/lwc/donationHistoryFilter/donationHistoryFilter.html
force-app/main/default/lwc/donationHistoryFilter/donationHistoryFilter.js
force-app/main/default/lwc/donationHistoryTable/donationHistoryTable.html
force-app/main/default/lwc/donationHistoryTable/donationHistoryTable.js
force-app/main/default/lwc/errRecordLog/errRecordLog.html
force-app/main/default/lwc/errRecordLog/errRecordLog.js
force-app/main/default/lwc/formattedTextWithDate/formattedTextWithDate.html
force-app/main/default/lwc/formattedTextWithDate/formattedTextWithDate.js
force-app/main/default/lwc/geBatchGiftEntryHeader/geBatchGiftEntryHeader.html
force-app/main/default/lwc/geBatchGiftEntryHeader/geBatchGiftEntryHeader.js
force-app/main/default/lwc/geBatchGiftEntryHeader/helpers/customLabels.js
force-app/main/default/lwc/geBatchGiftEntryTable/geBatchGiftEntryTable.html
force-app/main/default/lwc/geBatchGiftEntryTable/geBatchGiftEntryTable.js
force-app/main/default/lwc/geBatchWizard/geBatchWizard.css
force-app/main/default/lwc/geBatchWizard/geBatchWizard.html
force-app/main/default/lwc/geBatchWizard/geBatchWizard.js
force-app/main/default/lwc/geConstants/geConstants.js
force-app/main/default/lwc/geDonationMatching/geDonationMatching.html
force-app/main/default/lwc/geDonationMatching/geDonationMatching.js
force-app/main/default/lwc/geDonationMatchingOpportunityCard/geDonationMatchingOpportunityCard.css
force-app/main/default/lwc/geDonationMatchingOpportunityCard/geDonationMatchingOpportunityCard.html
force-app/main/default/lwc/geDonationMatchingOpportunityCard/geDonationMatchingOpportunityCard.js
force-app/main/default/lwc/geDonationMatchingPaymentCard/geDonationMatchingPaymentCard.css
force-app/main/default/lwc/geDonationMatchingPaymentCard/geDonationMatchingPaymentCard.html
force-app/main/default/lwc/geDonationMatchingPaymentCard/geDonationMatchingPaymentCard.js
force-app/main/default/lwc/geElevateBatch/geElevateBatch.js
force-app/main/default/lwc/geFormField/geFormField.html
force-app/main/default/lwc/geFormField/geFormField.js
force-app/main/default/lwc/geFormField/geFormFieldHelper.js
force-app/main/default/lwc/geFormRenderer/elevateTokenizeableGift.js
force-app/main/default/lwc/geFormRenderer/exceptionDataError.js
force-app/main/default/lwc/geFormRenderer/geFormElementHelper.js
force-app/main/default/lwc/geFormRenderer/geFormRenderer.css
force-app/main/default/lwc/geFormRenderer/geFormRenderer.html
force-app/main/default/lwc/geFormRenderer/geFormRenderer.js
force-app/main/default/lwc/geFormRenderer/geFormRendererHelper.js
force-app/main/default/lwc/geFormSection/geFormElementHelper.js
force-app/main/default/lwc/geFormSection/geFormSection.css
force-app/main/default/lwc/geFormSection/geFormSection.html
force-app/main/default/lwc/geFormSection/geFormSection.js
force-app/main/default/lwc/geFormService/geFormService.js
force-app/main/default/lwc/geFormWidget/geFormWidget.html
force-app/main/default/lwc/geFormWidget/geFormWidget.js
force-app/main/default/lwc/geFormWidgetAllocation/geFormWidgetAllocation.html
force-app/main/default/lwc/geFormWidgetAllocation/geFormWidgetAllocation.js
force-app/main/default/lwc/geFormWidgetRowAllocation/geFormWidgetRowAllocation.html
force-app/main/default/lwc/geFormWidgetRowAllocation/geFormWidgetRowAllocation.js
force-app/main/default/lwc/geFormWidgetSoftCredit/geFormWidgetSoftCredit.html
force-app/main/default/lwc/geFormWidgetSoftCredit/geFormWidgetSoftCredit.js
force-app/main/default/lwc/geFormWidgetSoftCreditRow/geFormWidgetSoftCreditRow.html
force-app/main/default/lwc/geFormWidgetSoftCreditRow/geFormWidgetSoftCreditRow.js
force-app/main/default/lwc/geFormWidgetTokenizeCard/geFormWidgetTokenizeCard.css
force-app/main/default/lwc/geFormWidgetTokenizeCard/geFormWidgetTokenizeCard.html
force-app/main/default/lwc/geFormWidgetTokenizeCard/geFormWidgetTokenizeCard.js
force-app/main/default/lwc/geFormWidgetTokenizeCard/helpers/elevateWidgetDisplay.js
force-app/main/default/lwc/geGatewaySelectWidget/geGatewaySelectWidget.css
force-app/main/default/lwc/geGatewaySelectWidget/geGatewaySelectWidget.html
force-app/main/default/lwc/geGatewaySelectWidget/geGatewaySelectWidget.js
force-app/main/default/lwc/geGatewaySettings/geGatewaySettings.js
force-app/main/default/lwc/geGift/geGift.js
force-app/main/default/lwc/geGift/geScheduleService.js
force-app/main/default/lwc/geGift/geSoftCredits.js
force-app/main/default/lwc/geGiftBatch/geGiftBatch.js
force-app/main/default/lwc/geGiftEntryFormApp/geGiftEntryFormApp.css
force-app/main/default/lwc/geGiftEntryFormApp/geGiftEntryFormApp.html
force-app/main/default/lwc/geGiftEntryFormApp/geGiftEntryFormApp.js
force-app/main/default/lwc/geHome/geHome.css
force-app/main/default/lwc/geHome/geHome.html
force-app/main/default/lwc/geHome/geHome.js
force-app/main/default/lwc/geLabelService/geLabelService.js
force-app/main/default/lwc/geListView/geListView.css
force-app/main/default/lwc/geListView/geListView.html
force-app/main/default/lwc/geListView/geListView.js
force-app/main/default/lwc/geModalPrompt/geModalPrompt.css
force-app/main/default/lwc/geModalPrompt/geModalPrompt.html
force-app/main/default/lwc/geModalPrompt/geModalPrompt.js
force-app/main/default/lwc/geModalRecurringDonation/geModalRecurringDonation.css
force-app/main/default/lwc/geModalRecurringDonation/geModalRecurringDonation.html
force-app/main/default/lwc/geModalRecurringDonation/geModalRecurringDonation.js
force-app/main/default/lwc/gePaymentGatewayManagement/gePaymentGatewayManagement.css
force-app/main/default/lwc/gePaymentGatewayManagement/gePaymentGatewayManagement.html
force-app/main/default/lwc/gePaymentGatewayManagement/gePaymentGatewayManagement.js
force-app/main/default/lwc/geRecurringGiftInfo/geRecurringGiftInfo.css
force-app/main/default/lwc/geRecurringGiftInfo/geRecurringGiftInfo.html
force-app/main/default/lwc/geRecurringGiftInfo/geRecurringGiftInfo.js
force-app/main/default/lwc/geReviewDonations/geReviewDonations.css
force-app/main/default/lwc/geReviewDonations/geReviewDonations.html
force-app/main/default/lwc/geReviewDonations/geReviewDonations.js
force-app/main/default/lwc/geSettings/geSettings.js
force-app/main/default/lwc/geTemplateBuilder/geTemplateBuilder.css
force-app/main/default/lwc/geTemplateBuilder/geTemplateBuilder.html
force-app/main/default/lwc/geTemplateBuilder/geTemplateBuilder.js
force-app/main/default/lwc/geTemplateBuilderBatchHeader/geTemplateBuilderBatchHeader.css
force-app/main/default/lwc/geTemplateBuilderBatchHeader/geTemplateBuilderBatchHeader.html
force-app/main/default/lwc/geTemplateBuilderBatchHeader/geTemplateBuilderBatchHeader.js
force-app/main/default/lwc/geTemplateBuilderFormField/geTemplateBuilderFormField.css
force-app/main/default/lwc/geTemplateBuilderFormField/geTemplateBuilderFormField.html
force-app/main/default/lwc/geTemplateBuilderFormField/geTemplateBuilderFormField.js
force-app/main/default/lwc/geTemplateBuilderFormFields/excludedFields.js
force-app/main/default/lwc/geTemplateBuilderFormFields/geTemplateBuilderFormFields.css
force-app/main/default/lwc/geTemplateBuilderFormFields/geTemplateBuilderFormFields.html
force-app/main/default/lwc/geTemplateBuilderFormFields/geTemplateBuilderFormFields.js
force-app/main/default/lwc/geTemplateBuilderFormFields/geTemplateBuilderFormFieldsA11yHelpers.js
force-app/main/default/lwc/geTemplateBuilderFormSection/geTemplateBuilderFormSection.css
force-app/main/default/lwc/geTemplateBuilderFormSection/geTemplateBuilderFormSection.html
force-app/main/default/lwc/geTemplateBuilderFormSection/geTemplateBuilderFormSection.js
force-app/main/default/lwc/geTemplateBuilderFormSection/geTemplateBuilderFormSectionA11yHelpers.js
force-app/main/default/lwc/geTemplateBuilderSectionModalBody/geTemplateBuilderSectionModalBody.html
force-app/main/default/lwc/geTemplateBuilderSectionModalBody/geTemplateBuilderSectionModalBody.js
force-app/main/default/lwc/geTemplateBuilderService/geTemplateBuilderService.js
force-app/main/default/lwc/geTemplateBuilderTemplateInfo/geTemplateBuilderTemplateInfo.html
force-app/main/default/lwc/geTemplateBuilderTemplateInfo/geTemplateBuilderTemplateInfo.js
force-app/main/default/lwc/geTemplateBuilderWidget/geTemplateBuilderWidget.css
force-app/main/default/lwc/geTemplateBuilderWidget/geTemplateBuilderWidget.html
force-app/main/default/lwc/geTemplateBuilderWidget/geTemplateBuilderWidget.js
force-app/main/default/lwc/geTemplates/geTemplates.css
force-app/main/default/lwc/geTemplates/geTemplates.html
force-app/main/default/lwc/geTemplates/geTemplates.js
force-app/main/default/lwc/geWidgetService/geWidgetService.js
force-app/main/default/lwc/geWidgetService/widgetStubs.js
force-app/main/default/lwc/givingSummary/givingSummary.css
force-app/main/default/lwc/givingSummary/givingSummary.html
force-app/main/default/lwc/givingSummary/givingSummary.js
force-app/main/default/lwc/givingSummaryForDetailPage/givingSummaryForDetailPage.html
force-app/main/default/lwc/givingSummaryForDetailPage/givingSummaryForDetailPage.js
force-app/main/default/lwc/gsAccordionLabel/gsAccordionLabel.css
force-app/main/default/lwc/gsAccordionLabel/gsAccordionLabel.html
force-app/main/default/lwc/gsAccordionLabel/gsAccordionLabel.js
force-app/main/default/lwc/gsAccordionSection/gsAccordionSection.css
force-app/main/default/lwc/gsAccordionSection/gsAccordionSection.html
force-app/main/default/lwc/gsAccordionSection/gsAccordionSection.js
force-app/main/default/lwc/gsApplicationStatus/gsApplicationStatus.css
force-app/main/default/lwc/gsApplicationStatus/gsApplicationStatus.html
force-app/main/default/lwc/gsApplicationStatus/gsApplicationStatus.js
force-app/main/default/lwc/gsChecklist/gsChecklist.css
force-app/main/default/lwc/gsChecklist/gsChecklist.html
force-app/main/default/lwc/gsChecklist/gsChecklist.js
force-app/main/default/lwc/gsChecklistIcon/gsChecklistIcon.css
force-app/main/default/lwc/gsChecklistIcon/gsChecklistIcon.html
force-app/main/default/lwc/gsChecklistIcon/gsChecklistIcon.js
force-app/main/default/lwc/gsChecklistItem/gsChecklistItem.css
force-app/main/default/lwc/gsChecklistItem/gsChecklistItem.html
force-app/main/default/lwc/gsChecklistItem/gsChecklistItem.js
force-app/main/default/lwc/gsChecklistSetup/gsChecklistSetup.css
force-app/main/default/lwc/gsChecklistSetup/gsChecklistSetup.html
force-app/main/default/lwc/gsChecklistSetup/gsChecklistSetup.js
force-app/main/default/lwc/gsLabelMapper/gsLabelMapper.js
force-app/main/default/lwc/gsResources/gsResources.css
force-app/main/default/lwc/gsResources/gsResources.html
force-app/main/default/lwc/gsResources/gsResources.js
force-app/main/default/lwc/gsVideoHeader/gsVideoHeader.css
force-app/main/default/lwc/gsVideoHeader/gsVideoHeader.html
force-app/main/default/lwc/gsVideoHeader/gsVideoHeader.js
force-app/main/default/lwc/gseuHeader/gseuHeader.css
force-app/main/default/lwc/gseuHeader/gseuHeader.html
force-app/main/default/lwc/gseuHeader/gseuHeader.js
force-app/main/default/lwc/gseuTrailhead/gseuTrailhead.css
force-app/main/default/lwc/gseuTrailhead/gseuTrailhead.html
force-app/main/default/lwc/gseuTrailhead/gseuTrailhead.js
force-app/main/default/lwc/jsconfig.json
force-app/main/default/lwc/libsMoment/libsMoment.js
force-app/main/default/lwc/modal/modal.css
force-app/main/default/lwc/modal/modal.html
force-app/main/default/lwc/modal/modal.js
force-app/main/default/lwc/potentialDuplicates/potentialDuplicates.css
force-app/main/default/lwc/potentialDuplicates/potentialDuplicates.html
force-app/main/default/lwc/potentialDuplicates/potentialDuplicates.js
force-app/main/default/lwc/progressRing/progressRing.html
force-app/main/default/lwc/progressRing/progressRing.js
force-app/main/default/lwc/psElevateTokenHandler/psElevateTokenHandler.js
force-app/main/default/lwc/pubsubNoPageRef/pubsubNoPageRef.html
force-app/main/default/lwc/pubsubNoPageRef/pubsubNoPageRef.js
force-app/main/default/lwc/rd2ChangeEntry/rd2ChangeEntry.css
force-app/main/default/lwc/rd2ChangeEntry/rd2ChangeEntry.html
force-app/main/default/lwc/rd2ChangeEntry/rd2ChangeEntry.js
force-app/main/default/lwc/rd2ChangeEntryItem/rd2ChangeEntryItem.html
force-app/main/default/lwc/rd2ChangeEntryItem/rd2ChangeEntryItem.js
force-app/main/default/lwc/rd2ChangeEntryValue/rd2ChangeEntryValue.html
force-app/main/default/lwc/rd2ChangeEntryValue/rd2ChangeEntryValue.js
force-app/main/default/lwc/rd2ChangeLog/rd2ChangeLog.html
force-app/main/default/lwc/rd2ChangeLog/rd2ChangeLog.js
force-app/main/default/lwc/rd2EditPaymentInformationModal/rd2EditPaymentInformationModal.css
force-app/main/default/lwc/rd2EditPaymentInformationModal/rd2EditPaymentInformationModal.html
force-app/main/default/lwc/rd2EditPaymentInformationModal/rd2EditPaymentInformationModal.js
force-app/main/default/lwc/rd2ElevateCreditCardForm/rd2ElevateCreditCardForm.css
force-app/main/default/lwc/rd2ElevateCreditCardForm/rd2ElevateCreditCardForm.html
force-app/main/default/lwc/rd2ElevateCreditCardForm/rd2ElevateCreditCardForm.js
force-app/main/default/lwc/rd2ElevateInformation/rd2ElevateInformation.css
force-app/main/default/lwc/rd2ElevateInformation/rd2ElevateInformation.html
force-app/main/default/lwc/rd2ElevateInformation/rd2ElevateInformation.js
force-app/main/default/lwc/rd2EntryForm/rd2EntryForm.css
force-app/main/default/lwc/rd2EntryForm/rd2EntryForm.html
force-app/main/default/lwc/rd2EntryForm/rd2EntryForm.js
force-app/main/default/lwc/rd2EntryFormCustomFieldsSection/rd2EntryFormCustomFieldsSection.html
force-app/main/default/lwc/rd2EntryFormCustomFieldsSection/rd2EntryFormCustomFieldsSection.js
force-app/main/default/lwc/rd2EntryFormDonorSection/rd2EntryFormDonorSection.css
force-app/main/default/lwc/rd2EntryFormDonorSection/rd2EntryFormDonorSection.html
force-app/main/default/lwc/rd2EntryFormDonorSection/rd2EntryFormDonorSection.js
force-app/main/default/lwc/rd2EntryFormScheduleSection/rd2EntryFormScheduleSection.css
force-app/main/default/lwc/rd2EntryFormScheduleSection/rd2EntryFormScheduleSection.html
force-app/main/default/lwc/rd2EntryFormScheduleSection/rd2EntryFormScheduleSection.js
force-app/main/default/lwc/rd2PauseForm/rd2PauseForm.html
force-app/main/default/lwc/rd2PauseForm/rd2PauseForm.js
force-app/main/default/lwc/rd2RecurringDonation/rd2RecurringDonation.css
force-app/main/default/lwc/rd2RecurringDonation/rd2RecurringDonation.html
force-app/main/default/lwc/rd2RecurringDonation/rd2RecurringDonation.js
force-app/main/default/lwc/rd2Service/actions.js
force-app/main/default/lwc/rd2Service/constants.js
force-app/main/default/lwc/rd2Service/model.js
force-app/main/default/lwc/rd2Service/rd2Service.js
force-app/main/default/lwc/rd2StatusAutomationSettings/rd2StatusAutomationSettings.html
force-app/main/default/lwc/rd2StatusAutomationSettings/rd2StatusAutomationSettings.js
force-app/main/default/lwc/rd2StatusMappingSettings/rd2StatusMappingSettings.css
force-app/main/default/lwc/rd2StatusMappingSettings/rd2StatusMappingSettings.html
force-app/main/default/lwc/rd2StatusMappingSettings/rd2StatusMappingSettings.js
force-app/main/default/lwc/rdActiveSchedule/rdActiveSchedule.html
force-app/main/default/lwc/rdActiveSchedule/rdActiveSchedule.js
force-app/main/default/lwc/rdScheduleVisualizer/rdScheduleVisualizer.html
force-app/main/default/lwc/rdScheduleVisualizer/rdScheduleVisualizer.js
force-app/main/default/lwc/refundPayment/refundPayment.html
force-app/main/default/lwc/refundPayment/refundPayment.js
force-app/main/default/lwc/relationshipsNavigator/relationshipsNavigator.css
force-app/main/default/lwc/relationshipsNavigator/relationshipsNavigator.html
force-app/main/default/lwc/relationshipsNavigator/relationshipsNavigator.js
force-app/main/default/lwc/relationshipsTreeGrid/relationshipsTreeGrid.html
force-app/main/default/lwc/relationshipsTreeGrid/relationshipsTreeGrid.js
force-app/main/default/lwc/stopRecurringDonationModal/stopRecurringDonationModal.html
force-app/main/default/lwc/stopRecurringDonationModal/stopRecurringDonationModal.js
force-app/main/default/lwc/util/util.js
force-app/main/default/lwc/utilAlertBanner/utilAlertBanner.html
force-app/main/default/lwc/utilAlertBanner/utilAlertBanner.js
force-app/main/default/lwc/utilCard/utilCard.css
force-app/main/default/lwc/utilCard/utilCard.html
force-app/main/default/lwc/utilCard/utilCard.js
force-app/main/default/lwc/utilCommon/utilCommon.js
force-app/main/default/lwc/utilCommon/utilDescribe.js
force-app/main/default/lwc/utilDedicatedListener/utilDedicatedListener.html
force-app/main/default/lwc/utilDedicatedListener/utilDedicatedListener.js
force-app/main/default/lwc/utilDualListbox/utilDualListbox.html
force-app/main/default/lwc/utilDualListbox/utilDualListbox.js
force-app/main/default/lwc/utilExpandableSection/utilExpandableSection.css
force-app/main/default/lwc/utilExpandableSection/utilExpandableSection.html
force-app/main/default/lwc/utilExpandableSection/utilExpandableSection.js
force-app/main/default/lwc/utilIllustration/utilIllustration.html
force-app/main/default/lwc/utilIllustration/utilIllustration.js
force-app/main/default/lwc/utilInlineText/utilInlineText.html
force-app/main/default/lwc/utilInlineText/utilInlineText.js
force-app/main/default/lwc/utilInput/utilInput.css
force-app/main/default/lwc/utilInput/utilInput.html
force-app/main/default/lwc/utilInput/utilInput.js
force-app/main/default/lwc/utilNumberFormatter/utilNumberFormatter.js
force-app/main/default/lwc/utilPageHeader/utilPageHeader.html
force-app/main/default/lwc/utilPageHeader/utilPageHeader.js
force-app/main/default/lwc/utilPageHeaderDetailBlock/utilPageHeaderDetailBlock.css
force-app/main/default/lwc/utilPageHeaderDetailBlock/utilPageHeaderDetailBlock.html
force-app/main/default/lwc/utilPageHeaderDetailBlock/utilPageHeaderDetailBlock.js
force-app/main/default/lwc/utilPageHeaderDetailRow/utilPageHeaderDetailRow.html
force-app/main/default/lwc/utilPageHeaderDetailRow/utilPageHeaderDetailRow.js
force-app/main/default/lwc/utilPageLevelMessage/utilPageLevelMessage.css
force-app/main/default/lwc/utilPageLevelMessage/utilPageLevelMessage.html
force-app/main/default/lwc/utilPageLevelMessage/utilPageLevelMessage.js
force-app/main/default/lwc/utilPlatformEventListener/utilPlatformEventListener.html
force-app/main/default/lwc/utilPlatformEventListener/utilPlatformEventListener.js
force-app/main/default/lwc/utilProgressBar/utilProgressBar.html
force-app/main/default/lwc/utilProgressBar/utilProgressBar.js
force-app/main/default/lwc/utilPrompt/utilPrompt.html
force-app/main/default/lwc/utilPrompt/utilPrompt.js
force-app/main/default/lwc/utilScreenReaderAnnouncer/utilScreenReaderAnnouncer.html
force-app/main/default/lwc/utilScreenReaderAnnouncer/utilScreenReaderAnnouncer.js
force-app/main/default/lwc/utilSearchableCombobox/utilSearchableCombobox.css
force-app/main/default/lwc/utilSearchableCombobox/utilSearchableCombobox.html
force-app/main/default/lwc/utilSearchableCombobox/utilSearchableCombobox.js
force-app/main/default/lwc/utilStencil/utilStencil.css
force-app/main/default/lwc/utilStencil/utilStencil.html
force-app/main/default/lwc/utilStencil/utilStencil.js
force-app/main/default/lwc/utilTemplateBuilder/utilTemplateBuilder.js
force-app/main/default/staticresources/CumulusStaticResources/BDE_jqtablesorter/style.css
force-app/main/default/staticresources/CumulusStaticResources/Bootstrap/css/bootstrap-namespaced-s1.css
force-app/main/default/staticresources/CumulusStaticResources/Bootstrap/css/bootstrap-namespaced.css
force-app/main/default/staticresources/CumulusStaticResources/Bootstrap/css/bootstrap-s1.css
force-app/main/default/staticresources/CumulusStaticResources/Bootstrap/css/bootstrap-theme.css
force-app/main/default/staticresources/CumulusStaticResources/Bootstrap/css/bootstrap.css
force-app/main/default/staticresources/CumulusStaticResources/Bootstrap/css/oneIcon.css
force-app/main/default/staticresources/CumulusStaticResources/Bootstrap/js/bootstrap.js
force-app/main/default/staticresources/CumulusStaticResources/Bootstrap/js/lte-ie7.js
force-app/main/default/staticresources/CumulusStaticResources/CollapsibleList/CollapsibleList.js
force-app/main/default/staticresources/CumulusStaticResources/RP_GettingStarted/css/style.css
force-app/main/default/staticresources/CumulusStaticResources/RP_GettingStarted/js/checkWidth.js
force-app/main/default/staticresources/CumulusStaticResources/RP_GettingStarted/js/loadMainVideo.js
force-app/main/default/staticresources/CumulusStaticResources/RP_GettingStarted/js/openNewTab.js
force-app/main/default/staticresources/CumulusStaticResources/Typeahead/typeahead.bundle.js
force-app/main/default/staticresources/CumulusStaticResources/arbor-v0.92/demos/_/graphics.js
force-app/main/default/staticresources/CumulusStaticResources/arbor-v0.92/demos/atlas/atlas.js
force-app/main/default/staticresources/CumulusStaticResources/arbor-v0.92/demos/atlas/index.html
force-app/main/default/staticresources/CumulusStaticResources/arbor-v0.92/demos/atlas/maps/africa.json
force-app/main/default/staticresources/CumulusStaticResources/arbor-v0.92/demos/atlas/maps/america.json
force-app/main/default/staticresources/CumulusStaticResources/arbor-v0.92/demos/atlas/maps/asia.json
force-app/main/default/staticresources/CumulusStaticResources/arbor-v0.92/demos/atlas/maps/europe.json
force-app/main/default/staticresources/CumulusStaticResources/arbor-v0.92/demos/atlas/maps/mideast.json
force-app/main/default/staticresources/CumulusStaticResources/arbor-v0.92/demos/atlas/maps/risk.json
force-app/main/default/staticresources/CumulusStaticResources/arbor-v0.92/demos/atlas/maps/usofa.json
force-app/main/default/staticresources/CumulusStaticResources/arbor-v0.92/demos/atlas/style/atlas.css
force-app/main/default/staticresources/CumulusStaticResources/arbor-v0.92/demos/echolalia/birds/bk42w74-f.json
force-app/main/default/staticresources/CumulusStaticResources/arbor-v0.92/demos/echolalia/birds/bk42w74-m.json
force-app/main/default/staticresources/CumulusStaticResources/arbor-v0.92/demos/echolalia/birds/bk42w74-r.json
force-app/main/default/staticresources/CumulusStaticResources/arbor-v0.92/demos/echolalia/birds/bk42w74.json
force-app/main/default/staticresources/CumulusStaticResources/arbor-v0.92/demos/echolalia/birds/bk43w73-f.json
force-app/main/default/staticresources/CumulusStaticResources/arbor-v0.92/demos/echolalia/birds/bk43w73-m.json
force-app/main/default/staticresources/CumulusStaticResources/arbor-v0.92/demos/echolalia/birds/bk43w73-r.json
force-app/main/default/staticresources/CumulusStaticResources/arbor-v0.92/demos/echolalia/birds/bk43w73.json
force-app/main/default/staticresources/CumulusStaticResources/arbor-v0.92/demos/echolalia/birds/bk70bk62-f.json
force-app/main/default/staticresources/CumulusStaticResources/arbor-v0.92/demos/echolalia/birds/bk70bk62-m.json
force-app/main/default/staticresources/CumulusStaticResources/arbor-v0.92/demos/echolalia/birds/bk70bk62-r.json
force-app/main/default/staticresources/CumulusStaticResources/arbor-v0.92/demos/echolalia/birds/bk70bk62.json
force-app/main/default/staticresources/CumulusStaticResources/arbor-v0.92/demos/echolalia/birds/bk95bk3-f.json
force-app/main/default/staticresources/CumulusStaticResources/arbor-v0.92/demos/echolalia/birds/bk95bk3-m.json
force-app/main/default/staticresources/CumulusStaticResources/arbor-v0.92/demos/echolalia/birds/bk95bk3-r.json
force-app/main/default/staticresources/CumulusStaticResources/arbor-v0.92/demos/echolalia/birds/bk95bk3.json
force-app/main/default/staticresources/CumulusStaticResources/arbor-v0.92/demos/echolalia/birds/g81w58-f.json
force-app/main/default/staticresources/CumulusStaticResources/arbor-v0.92/demos/echolalia/birds/g81w58-m.json
force-app/main/default/staticresources/CumulusStaticResources/arbor-v0.92/demos/echolalia/birds/g81w58-r.json
force-app/main/default/staticresources/CumulusStaticResources/arbor-v0.92/demos/echolalia/birds/g81w58.json
force-app/main/default/staticresources/CumulusStaticResources/arbor-v0.92/demos/echolalia/birds/g83w57-f.json
force-app/main/default/staticresources/CumulusStaticResources/arbor-v0.92/demos/echolalia/birds/g83w57-m.json
force-app/main/default/staticresources/CumulusStaticResources/arbor-v0.92/demos/echolalia/birds/g83w57-r.json
force-app/main/default/staticresources/CumulusStaticResources/arbor-v0.92/demos/echolalia/birds/g83w57.json
force-app/main/default/staticresources/CumulusStaticResources/arbor-v0.92/demos/echolalia/birds/pk60gr7-f.json
force-app/main/default/staticresources/CumulusStaticResources/arbor-v0.92/demos/echolalia/birds/pk60gr7-m.json
force-app/main/default/staticresources/CumulusStaticResources/arbor-v0.92/demos/echolalia/birds/pk60gr7-r.json
force-app/main/default/staticresources/CumulusStaticResources/arbor-v0.92/demos/echolalia/birds/pk60gr7.json
force-app/main/default/staticresources/CumulusStaticResources/arbor-v0.92/demos/echolalia/birds/r15bl29-f.json
force-app/main/default/staticresources/CumulusStaticResources/arbor-v0.92/demos/echolalia/birds/r15bl29-m.json
force-app/main/default/staticresources/CumulusStaticResources/arbor-v0.92/demos/echolalia/birds/r15bl29-r.json
force-app/main/default/staticresources/CumulusStaticResources/arbor-v0.92/demos/echolalia/birds/r15bl29.json
force-app/main/default/staticresources/CumulusStaticResources/arbor-v0.92/demos/echolalia/birds/r17pu46-f.json
force-app/main/default/staticresources/CumulusStaticResources/arbor-v0.92/demos/echolalia/birds/r17pu46-m.json
force-app/main/default/staticresources/CumulusStaticResources/arbor-v0.92/demos/echolalia/birds/r17pu46-r.json
force-app/main/default/staticresources/CumulusStaticResources/arbor-v0.92/demos/echolalia/birds/r17pu46.json
force-app/main/default/staticresources/CumulusStaticResources/arbor-v0.92/demos/echolalia/echolalia.js
force-app/main/default/staticresources/CumulusStaticResources/arbor-v0.92/demos/echolalia/index.html
force-app/main/default/staticresources/CumulusStaticResources/arbor-v0.92/demos/echolalia/style/echolalia.css
force-app/main/default/staticresources/CumulusStaticResources/arbor-v0.92/demos/halfviz/index.html
force-app/main/default/staticresources/CumulusStaticResources/arbor-v0.92/demos/halfviz/library/a-new-hope.json
force-app/main/default/staticresources/CumulusStaticResources/arbor-v0.92/demos/halfviz/library/case-of-the-silk-king.json
force-app/main/default/staticresources/CumulusStaticResources/arbor-v0.92/demos/halfviz/library/cube.json
force-app/main/default/staticresources/CumulusStaticResources/arbor-v0.92/demos/halfviz/library/date-with-destiny.json
force-app/main/default/staticresources/CumulusStaticResources/arbor-v0.92/demos/halfviz/library/house-of-danger.json
force-app/main/default/staticresources/CumulusStaticResources/arbor-v0.92/demos/halfviz/library/inside-ufo-54-40.json
force-app/main/default/staticresources/CumulusStaticResources/arbor-v0.92/demos/halfviz/library/journey-under-the-sea.json
force-app/main/default/staticresources/CumulusStaticResources/arbor-v0.92/demos/halfviz/library/mystery-of-the-secret-room.json
force-app/main/default/staticresources/CumulusStaticResources/arbor-v0.92/demos/halfviz/library/python-grammar.json
force-app/main/default/staticresources/CumulusStaticResources/arbor-v0.92/demos/halfviz/library/snowflake.json
force-app/main/default/staticresources/CumulusStaticResources/arbor-v0.92/demos/halfviz/library/the-abominable-snowman.json
force-app/main/default/staticresources/CumulusStaticResources/arbor-v0.92/demos/halfviz/library/the-cave-of-time.json
force-app/main/default/staticresources/CumulusStaticResources/arbor-v0.92/demos/halfviz/library/the-cavern-of-doom.json
force-app/main/default/staticresources/CumulusStaticResources/arbor-v0.92/demos/halfviz/library/the-mystery-of-chimney-rock.json
force-app/main/default/staticresources/CumulusStaticResources/arbor-v0.92/demos/halfviz/library/the-mystery-of-ura-senke.json
force-app/main/default/staticresources/CumulusStaticResources/arbor-v0.92/demos/halfviz/library/third-planet-from-altair.json
force-app/main/default/staticresources/CumulusStaticResources/arbor-v0.92/demos/halfviz/library/toc.json
force-app/main/default/staticresources/CumulusStaticResources/arbor-v0.92/demos/halfviz/src/dashboard.js
force-app/main/default/staticresources/CumulusStaticResources/arbor-v0.92/demos/halfviz/src/halfviz.js
force-app/main/default/staticresources/CumulusStaticResources/arbor-v0.92/demos/halfviz/src/help.js
force-app/main/default/staticresources/CumulusStaticResources/arbor-v0.92/demos/halfviz/src/io.js
force-app/main/default/staticresources/CumulusStaticResources/arbor-v0.92/demos/halfviz/src/parseur.js
force-app/main/default/staticresources/CumulusStaticResources/arbor-v0.92/demos/halfviz/src/renderer.js
force-app/main/default/staticresources/CumulusStaticResources/arbor-v0.92/demos/halfviz/style/halfviz.css
force-app/main/default/staticresources/CumulusStaticResources/arbor-v0.92/lib/arbor-tween.js
force-app/main/default/staticresources/CumulusStaticResources/arbor-v0.92/lib/arbor.js
force-app/main/default/staticresources/CumulusStaticResources/arbor-v0.92/src/dev.js
force-app/main/default/staticresources/CumulusStaticResources/arbor-v0.92/src/etc.js
force-app/main/default/staticresources/CumulusStaticResources/arbor-v0.92/src/graphics/colors.js
force-app/main/default/staticresources/CumulusStaticResources/arbor-v0.92/src/graphics/graphics.js
force-app/main/default/staticresources/CumulusStaticResources/arbor-v0.92/src/graphics/primitives.js
force-app/main/default/staticresources/CumulusStaticResources/arbor-v0.92/src/hermetic.js
force-app/main/default/staticresources/CumulusStaticResources/arbor-v0.92/src/kernel.js
force-app/main/default/staticresources/CumulusStaticResources/arbor-v0.92/src/physics/atoms.js
force-app/main/default/staticresources/CumulusStaticResources/arbor-v0.92/src/physics/barnes-hut.js
force-app/main/default/staticresources/CumulusStaticResources/arbor-v0.92/src/physics/physics.js
force-app/main/default/staticresources/CumulusStaticResources/arbor-v0.92/src/physics/system.js
force-app/main/default/staticresources/CumulusStaticResources/arbor-v0.92/src/physics/worker.js
force-app/main/default/staticresources/CumulusStaticResources/arbor-v0.92/src/tween/easing.js
force-app/main/default/staticresources/CumulusStaticResources/arbor-v0.92/src/tween/tween.js
force-app/main/default/staticresources/CumulusStaticResources/customDatatable/style.css
force-app/main/default/staticresources/CumulusStaticResources/jquery/jquery-3.5.0.js
force-app/main/default/staticresources/CumulusStaticResources/jquery-ui/jquery-ui-1.12.1.js
force-app/main/default/staticresources/CumulusStaticResources/npsp-slds/modal.js
force-app/main/default/staticresources/CumulusStaticResources/npsp-slds/npsp-common.css
force-app/main/default/staticresources/CumulusStaticResources/npsp-slds/remove-duplicate-required-mark.js
force-app/main/default/staticresources/DefaultGiftEntryTemplate.json
jest.setup.js
metadeploy/labels_de.json
metadeploy/labels_en-GB.json
metadeploy/labels_en.json
metadeploy/labels_es.json
metadeploy/labels_fr.json
metadeploy/labels_ja.json
metadeploy/labels_nl.json
metadeploy/labels_pt-BR.json
orgs/beta.json
orgs/beta_middlesuffix.json
orgs/beta_multicurrency.json
orgs/beta_nonenglish.json
orgs/beta_personaccounts.json
orgs/beta_platformencryption.json
orgs/beta_prerelease.json
orgs/beta_statecountry.json
orgs/dev.json
orgs/dev_multicurrency.json
orgs/enterprise.json
orgs/feature.json
orgs/prerelease.json
orgs/release.json
orgs/trial.json
package.json
robot/Cumulus/doc/Keywords.html
scripts/stf/filters.json
scripts/stf/key_patterns.json
sfdx-project.json
unpackaged/config.json
yarn.lock
Total files:      636
