NPSP/.prettierrc.yml
NPSP/StaticResourceSources/arbor-v0.92/build/make.py
NPSP/cumulusci.yml
NPSP/datasets/100k/mapping.yml
NPSP/datasets/100k/mapping_managed.yml
NPSP/datasets/bdi_benchmark/BDI-with-matching.recipe.yml
NPSP/datasets/bdi_benchmark/BDI-without-matching.recipe.yml
NPSP/datasets/bdi_benchmark/mapping.yml
NPSP/datasets/dev_org/mapping.yml
NPSP/datasets/donations/donations_recipe.load.yml
NPSP/datasets/donations/donations_recipe.yml
NPSP/datasets/donations/opportunity_macros.yml
NPSP/datasets/mapping.yml
NPSP/datasets/mapping_managed.yml
NPSP/datasets/qa_org/mapping.yml
NPSP/datasets/rd2/data_recipe_with_rd2.load.yml
NPSP/datasets/rd2/data_recipe_with_rd2.yml
NPSP/datasets/rd2/mapping_managed.yml
NPSP/datasets/rd2/opportunity_macros.yml
NPSP/datasets/rd2/recurring_donation_macros.yml
NPSP/datasets/trailhead/mapping.yml
NPSP/force-app/main/default/staticresources/CumulusStaticResources/arbor-v0.92/build/make.py
NPSP/robot/Cumulus/resources/AccountPageObject.py
NPSP/robot/Cumulus/resources/AdvancedMappingPageObject.py
NPSP/robot/Cumulus/resources/AffiliationPageObject.py
NPSP/robot/Cumulus/resources/BDI_API.py
NPSP/robot/Cumulus/resources/BaseObjects.py
NPSP/robot/Cumulus/resources/BatchGiftEntryPageObject.py
NPSP/robot/Cumulus/resources/ContactPageObject.py
NPSP/robot/Cumulus/resources/CustomSettingsPageObject.py
NPSP/robot/Cumulus/resources/CustomizableRollupsPageObject.py
NPSP/robot/Cumulus/resources/Data.py
NPSP/robot/Cumulus/resources/DataImportPageObject.py
NPSP/robot/Cumulus/resources/EngagementPlanTemplatesPageObject.py
NPSP/robot/Cumulus/resources/GAUPageObject.py
NPSP/robot/Cumulus/resources/GiftEntryPageObject.py
NPSP/robot/Cumulus/resources/LeadsPageObject.py
NPSP/robot/Cumulus/resources/LevelsPageObject.py
NPSP/robot/Cumulus/resources/ManageHouseHoldPageObject.py
NPSP/robot/Cumulus/resources/NPSP.py
NPSP/robot/Cumulus/resources/NPSPSettingsPageObject.py
NPSP/robot/Cumulus/resources/ObjectMangerPageObject.py
NPSP/robot/Cumulus/resources/OpportunityContactRolePageObject.py
NPSP/robot/Cumulus/resources/OpportunityPageObject.py
NPSP/robot/Cumulus/resources/PaymentPageObject.py
NPSP/robot/Cumulus/resources/RecurringDonationsPageObject.py
NPSP/robot/Cumulus/resources/RelationshipPageObject.py
NPSP/robot/Cumulus/resources/SchedulePaymentPageObject.py
NPSP/robot/Cumulus/resources/TriggerHandlerPageObject.py
NPSP/robot/Cumulus/resources/locators_53.py
NPSP/robot/Cumulus/resources/locators_54.py
NPSP/robot/Cumulus/resources/locators_55.py
NPSP/scripts/stf/filter.py
NPSP/scripts/stf/key_functions.py
NPSP/scripts/stf/sort_translations.py
NPSP/scripts/stf/test_key_functions_and_patterns.py
NPSP/scripts/stf/translated_values.py
NPSP/tasks/__init__.py
NPSP/tasks/check_rd2_enablement.py
NPSP/tasks/generate_bdi_data.py
NPSP/tasks/pmd.py
NPSP/tasks/salesforce_robot_library_base.py
NPSP/tasks/set_BDI_mapping_mode.py
Total files:       63
