NPSP/datasets/rd2/config_npsp_for_ldv_data_load.cls
NPSP/force-app/infrastructure/apex-common/main/classes/fflib_Application.cls
NPSP/force-app/infrastructure/apex-common/main/classes/fflib_IDomain.cls
NPSP/force-app/infrastructure/apex-common/main/classes/fflib_IDomainConstructor.cls
NPSP/force-app/infrastructure/apex-common/main/classes/fflib_IObjects.cls
NPSP/force-app/infrastructure/apex-common/main/classes/fflib_ISObjectDomain.cls
NPSP/force-app/infrastructure/apex-common/main/classes/fflib_ISObjectSelector.cls
NPSP/force-app/infrastructure/apex-common/main/classes/fflib_ISObjectUnitOfWork.cls
NPSP/force-app/infrastructure/apex-common/main/classes/fflib_ISObjects.cls
NPSP/force-app/infrastructure/apex-common/main/classes/fflib_Objects.cls
NPSP/force-app/infrastructure/apex-common/main/classes/fflib_QueryFactory.cls
NPSP/force-app/infrastructure/apex-common/main/classes/fflib_SObjectDescribe.cls
NPSP/force-app/infrastructure/apex-common/main/classes/fflib_SObjectDomain.cls
NPSP/force-app/infrastructure/apex-common/main/classes/fflib_SObjectSelector.cls
NPSP/force-app/infrastructure/apex-common/main/classes/fflib_SObjectUnitOfWork.cls
NPSP/force-app/infrastructure/apex-common/main/classes/fflib_SObjects.cls
NPSP/force-app/infrastructure/apex-common/main/classes/fflib_SecurityUtils.cls
NPSP/force-app/infrastructure/apex-common/main/classes/fflib_StringBuilder.cls
NPSP/force-app/infrastructure/apex-extensions/main/application/classic/classes/fflib_ClassicUnitOfWorkFactory.cls
NPSP/force-app/infrastructure/apex-extensions/main/application/dynamic/classes/fflib_AppBinding.cls
NPSP/force-app/infrastructure/apex-extensions/main/application/dynamic/classes/fflib_AppBindingMetaDataModule.cls
NPSP/force-app/infrastructure/apex-extensions/main/application/dynamic/classes/fflib_AppBindingModule.cls
NPSP/force-app/infrastructure/apex-extensions/main/application/dynamic/classes/fflib_AppBindingResolver.cls
NPSP/force-app/infrastructure/apex-extensions/main/application/dynamic/classes/fflib_AppBindingType.cls
NPSP/force-app/infrastructure/apex-extensions/main/application/dynamic/classes/fflib_AppBindings.cls
NPSP/force-app/infrastructure/apex-extensions/main/application/dynamic/classes/fflib_AppBindingsSelector.cls
NPSP/force-app/infrastructure/apex-extensions/main/application/dynamic/classes/fflib_DynamicAppFactory.cls
NPSP/force-app/infrastructure/apex-extensions/main/application/dynamic/classes/fflib_DynamicDomainFactory.cls
NPSP/force-app/infrastructure/apex-extensions/main/application/dynamic/classes/fflib_DynamicSelectorFactory.cls
NPSP/force-app/infrastructure/apex-extensions/main/application/dynamic/classes/fflib_DynamicServiceFactory.cls
NPSP/force-app/infrastructure/apex-extensions/main/application/dynamic/classes/fflib_SharingMode.cls
NPSP/force-app/infrastructure/apex-extensions/main/application/dynamic/classes/interfaces/fflib_IAppBinding.cls
NPSP/force-app/infrastructure/apex-extensions/main/application/dynamic/classes/interfaces/fflib_IAppBindingModule.cls
NPSP/force-app/infrastructure/apex-extensions/main/application/dynamic/classes/interfaces/fflib_IAppBindingResolver.cls
NPSP/force-app/infrastructure/apex-extensions/main/application/dynamic/classes/interfaces/fflib_IAppBindingRouter.cls
NPSP/force-app/infrastructure/apex-extensions/main/application/dynamic/classes/interfaces/fflib_IAppBindings.cls
NPSP/force-app/infrastructure/apex-extensions/main/application/main/classes/interfaces/fflib_IDomainFactory.cls
NPSP/force-app/infrastructure/apex-extensions/main/application/main/classes/interfaces/fflib_ISelectorFactory.cls
NPSP/force-app/infrastructure/apex-extensions/main/application/main/classes/interfaces/fflib_IServiceFactory.cls
NPSP/force-app/infrastructure/apex-extensions/main/application/main/classes/interfaces/fflib_IUnitOfWorkFactory.cls
NPSP/force-app/infrastructure/apex-extensions/main/default/classes/criteria/fflib_Comparator.cls
NPSP/force-app/infrastructure/apex-extensions/main/default/classes/criteria/fflib_Criteria.cls
NPSP/force-app/infrastructure/apex-extensions/main/default/classes/criteria/fflib_Operator.cls
NPSP/force-app/infrastructure/apex-extensions/main/default/classes/criteria/fflib_OperatorUtils.cls
NPSP/force-app/infrastructure/apex-extensions/main/default/classes/domains/fflib_DateTimes.cls
NPSP/force-app/infrastructure/apex-extensions/main/default/classes/domains/fflib_Dates.cls
NPSP/force-app/infrastructure/apex-extensions/main/default/classes/domains/fflib_Decimals.cls
NPSP/force-app/infrastructure/apex-extensions/main/default/classes/domains/fflib_Doubles.cls
NPSP/force-app/infrastructure/apex-extensions/main/default/classes/domains/fflib_Ids.cls
NPSP/force-app/infrastructure/apex-extensions/main/default/classes/domains/fflib_Integers.cls
NPSP/force-app/infrastructure/apex-extensions/main/default/classes/domains/fflib_Longs.cls
NPSP/force-app/infrastructure/apex-extensions/main/default/classes/domains/fflib_Objects2.cls
NPSP/force-app/infrastructure/apex-extensions/main/default/classes/domains/fflib_SObjects2.cls
NPSP/force-app/infrastructure/apex-extensions/main/default/classes/domains/fflib_Strings.cls
NPSP/force-app/infrastructure/apex-extensions/main/default/classes/triggerHandlers/fflib_ISObjectTriggerHandler.cls
NPSP/force-app/infrastructure/apex-extensions/main/default/classes/triggerHandlers/fflib_SObjectTriggerHandler.cls
NPSP/force-app/infrastructure/apex-extensions/main/default/classes/utils/fflib_ArrayUtils.cls
NPSP/force-app/infrastructure/apex-extensions/main/default/classes/utils/fflib_MockSObjectUtil.cls
NPSP/force-app/infrastructure/apex-extensions/main/default/classes/utils/fflib_RecordTypeId.cls
NPSP/force-app/infrastructure/apex-extensions/main/default/classes/utils/fflib_StringUtils.cls
NPSP/force-app/infrastructure/apex-mocks/main/classes/fflib_Answer.cls
NPSP/force-app/infrastructure/apex-mocks/main/classes/fflib_AnyOrder.cls
NPSP/force-app/infrastructure/apex-mocks/main/classes/fflib_ApexMocks.cls
NPSP/force-app/infrastructure/apex-mocks/main/classes/fflib_ApexMocksConfig.cls
NPSP/force-app/infrastructure/apex-mocks/main/classes/fflib_ApexMocksUtils.cls
NPSP/force-app/infrastructure/apex-mocks/main/classes/fflib_ArgumentCaptor.cls
NPSP/force-app/infrastructure/apex-mocks/main/classes/fflib_IDGenerator.cls
NPSP/force-app/infrastructure/apex-mocks/main/classes/fflib_IMatcher.cls
NPSP/force-app/infrastructure/apex-mocks/main/classes/fflib_InOrder.cls
NPSP/force-app/infrastructure/apex-mocks/main/classes/fflib_Inheritor.cls
NPSP/force-app/infrastructure/apex-mocks/main/classes/fflib_InvocationOnMock.cls
NPSP/force-app/infrastructure/apex-mocks/main/classes/fflib_Match.cls
NPSP/force-app/infrastructure/apex-mocks/main/classes/fflib_MatcherDefinitions.cls
NPSP/force-app/infrastructure/apex-mocks/main/classes/fflib_MatchersReturnValue.cls
NPSP/force-app/infrastructure/apex-mocks/main/classes/fflib_MethodArgValues.cls
NPSP/force-app/infrastructure/apex-mocks/main/classes/fflib_MethodCountRecorder.cls
NPSP/force-app/infrastructure/apex-mocks/main/classes/fflib_MethodReturnValue.cls
NPSP/force-app/infrastructure/apex-mocks/main/classes/fflib_MethodReturnValueRecorder.cls
NPSP/force-app/infrastructure/apex-mocks/main/classes/fflib_MethodVerifier.cls
NPSP/force-app/infrastructure/apex-mocks/main/classes/fflib_QualifiedMethod.cls
NPSP/force-app/infrastructure/apex-mocks/main/classes/fflib_QualifiedMethodAndArgValues.cls
NPSP/force-app/infrastructure/apex-mocks/main/classes/fflib_System.cls
NPSP/force-app/infrastructure/apex-mocks/main/classes/fflib_VerificationMode.cls
NPSP/force-app/main/Application.cls
NPSP/force-app/main/adapter/in/sobjects/account/AccountAdapter.cls
NPSP/force-app/main/adapter/in/sobjects/contact/ContactAdapter.cls
NPSP/force-app/main/adapter/in/sobjects/contact/ContactAddress.cls
NPSP/force-app/main/adapter/in/sobjects/contact/Contacts.cls
NPSP/force-app/main/default/aura/BDI_ManageAdvancedMapping/BDI_ManageAdvancedMapping.cmp
NPSP/force-app/main/default/aura/BGE_BatchGiftEntryTab/BGE_BatchGiftEntryTab.cmp
NPSP/force-app/main/default/aura/BGE_ConfigurationWizard/BGE_ConfigurationWizard.cmp
NPSP/force-app/main/default/aura/BGE_DataImportBatchEntry/BGE_DataImportBatchEntry.cmp
NPSP/force-app/main/default/aura/BGE_DonationSelector/BGE_DonationSelector.cmp
NPSP/force-app/main/default/aura/BGE_EntryForm/BGE_EntryForm.cmp
NPSP/force-app/main/default/aura/CRLP_FilterGroup/CRLP_FilterGroup.cmp
NPSP/force-app/main/default/aura/CRLP_Rollup/CRLP_Rollup.cmp
NPSP/force-app/main/default/aura/CRLP_RollupApp/CRLP_RollupApp.app
NPSP/force-app/main/default/aura/CRLP_RollupsContainer/CRLP_RollupsContainer.cmp
NPSP/force-app/main/default/aura/CRLP_SelectField/CRLP_SelectField.cmp
NPSP/force-app/main/default/aura/CRLP_Tooltip/CRLP_Tooltip.cmp
NPSP/force-app/main/default/aura/ERR_RecordLog/ERR_RecordLog.cmp
NPSP/force-app/main/default/aura/GE_GiftEntry/GE_GiftEntry.cmp
NPSP/force-app/main/default/aura/GE_GiftEntryForm/GE_GiftEntryForm.cmp
NPSP/force-app/main/default/aura/GE_TemplateBuilder/GE_TemplateBuilder.cmp
NPSP/force-app/main/default/aura/HH_AddressChangedEvent/HH_AddressChangedEvent.evt
NPSP/force-app/main/default/aura/HH_AddressMgr/HH_AddressMgr.cmp
NPSP/force-app/main/default/aura/HH_AutoComplete/HH_AutoComplete.cmp
NPSP/force-app/main/default/aura/HH_AutoCompleteDataProvider/HH_AutoCompleteDataProvider.cmp
NPSP/force-app/main/default/aura/HH_AutoCompleteOption/HH_AutoCompleteOption.cmp
NPSP/force-app/main/default/aura/HH_Canvas/HH_Canvas.cmp
NPSP/force-app/main/default/aura/HH_ContactAfterRemoveEvent/HH_ContactAfterRemoveEvent.evt
NPSP/force-app/main/default/aura/HH_ContactCard/HH_ContactCard.cmp
NPSP/force-app/main/default/aura/HH_ContactChangedEvent/HH_ContactChangedEvent.evt
NPSP/force-app/main/default/aura/HH_ContactNewEvent/HH_ContactNewEvent.evt
NPSP/force-app/main/default/aura/HH_ContactRemoveEvent/HH_ContactRemoveEvent.evt
NPSP/force-app/main/default/aura/HH_ContactReorderEvent/HH_ContactReorderEvent.evt
NPSP/force-app/main/default/aura/HH_Container/HH_Container.cmp
NPSP/force-app/main/default/aura/HH_ContainerLoadedEvent/HH_ContainerLoadedEvent.evt
NPSP/force-app/main/default/aura/HH_HouseholdSavedEvent/HH_HouseholdSavedEvent.evt
NPSP/force-app/main/default/aura/HH_KeypressEvent/HH_KeypressEvent.evt
NPSP/force-app/main/default/aura/HH_NewFocussedElement/HH_NewFocussedElement.evt
NPSP/force-app/main/default/aura/HH_ReachFooter/HH_ReachFooter.evt
NPSP/force-app/main/default/aura/ManageHHApp/ManageHHApp.app
NPSP/force-app/main/default/aura/RD2_EnablementApp/RD2_EnablementApp.app
NPSP/force-app/main/default/aura/RD2_EnablementDelegate/RD2_EnablementDelegate.cmp
NPSP/force-app/main/default/aura/RD2_EnablementDelegateSimple/RD2_EnablementDelegateSimple.cmp
NPSP/force-app/main/default/aura/RD2_EnhancementEnabledEvent/RD2_EnhancementEnabledEvent.evt
NPSP/force-app/main/default/aura/RD2_EntryForm/RD2_EntryForm.cmp
NPSP/force-app/main/default/aura/RD2_PauseForm/RD2_PauseForm.cmp
NPSP/force-app/main/default/aura/REL_RelationshipsApp/REL_RelationshipsApp.app
NPSP/force-app/main/default/aura/REL_RelationshipsContainer/REL_RelationshipsContainer.cmp
NPSP/force-app/main/default/aura/autocomplete/autocomplete.cmp
NPSP/force-app/main/default/aura/autocompleteOption/autocompleteOption.cmp
NPSP/force-app/main/default/aura/autocompleteSelectListOption/autocompleteSelectListOption.evt
NPSP/force-app/main/default/aura/modalFooter/modalFooter.cmp
NPSP/force-app/main/default/aura/modalHeader/modalHeader.cmp
NPSP/force-app/main/default/aura/notificationRedirecter/notificationRedirecter.cmp
NPSP/force-app/main/default/aura/pageNotification/pageNotification.cmp
NPSP/force-app/main/default/aura/progressMarker/progressMarker.cmp
NPSP/force-app/main/default/aura/svg/svg.cmp
NPSP/force-app/main/default/classes/ACCT_AccountMerge_TDTM.cls
NPSP/force-app/main/default/classes/ACCT_CascadeDeleteLookups_TDTM.cls
NPSP/force-app/main/default/classes/ACCT_CascadeDeleteLookups_TEST.cls
NPSP/force-app/main/default/classes/ACCT_ViewOverride_CTRL.cls
NPSP/force-app/main/default/classes/ACCT_ViewOverride_TEST.cls
NPSP/force-app/main/default/classes/ADDR_Cicero_TEST.cls
NPSP/force-app/main/default/classes/ADDR_Cicero_Validator.cls
NPSP/force-app/main/default/classes/ADDR_CopyAddrHHObjBTN_CTRL.cls
NPSP/force-app/main/default/classes/ADDR_CopyAddrHHObjBTN_TEST.cls
NPSP/force-app/main/default/classes/ADDR_GoogleGeoAPI_Validator.cls
NPSP/force-app/main/default/classes/ADDR_GoogleGeoAPI_Validator_TEST.cls
NPSP/force-app/main/default/classes/ADDR_IValidator.cls
NPSP/force-app/main/default/classes/ADDR_MockGoogleGeoAPIResponse_TEST.cls
NPSP/force-app/main/default/classes/ADDR_MockHttpRespGenerator_TEST.cls
NPSP/force-app/main/default/classes/ADDR_Seasonal_SCHED.cls
NPSP/force-app/main/default/classes/ADDR_SmartyStreets_Gateway.cls
NPSP/force-app/main/default/classes/ADDR_SmartyStreets_Validator.cls
NPSP/force-app/main/default/classes/ADDR_Validation_Gateway_TEST.cls
NPSP/force-app/main/default/classes/ADDR_Validator.cls
NPSP/force-app/main/default/classes/ADDR_Validator_Batch.cls
NPSP/force-app/main/default/classes/ADDR_Validator_Batch_TEST.cls
NPSP/force-app/main/default/classes/ADDR_Validator_REST.cls
NPSP/force-app/main/default/classes/ADDR_Validator_TDTM.cls
NPSP/force-app/main/default/classes/ADDR_Validator_TEST.cls
NPSP/force-app/main/default/classes/ADDR_Validator_UTIL.cls
NPSP/force-app/main/default/classes/ADV_Adapter.cls
NPSP/force-app/main/default/classes/ADV_Adapter_TEST.cls
NPSP/force-app/main/default/classes/ADV_PackageInfo_SVC.cls
NPSP/force-app/main/default/classes/AFFL_Affiliations_TDTM.cls
NPSP/force-app/main/default/classes/AFFL_Affiliations_TEST.cls
NPSP/force-app/main/default/classes/ALLO_AllocationsDMLService.cls
NPSP/force-app/main/default/classes/ALLO_AllocationsDMLService_TEST.cls
NPSP/force-app/main/default/classes/ALLO_AllocationsRecalculateService.cls
NPSP/force-app/main/default/classes/ALLO_AllocationsRecalculateService_TEST.cls
NPSP/force-app/main/default/classes/ALLO_AllocationsRetrievalService.cls
NPSP/force-app/main/default/classes/ALLO_AllocationsRetrievalService_TEST.cls
NPSP/force-app/main/default/classes/ALLO_AllocationsReviewService.cls
NPSP/force-app/main/default/classes/ALLO_AllocationsReviewService_TEST.cls
NPSP/force-app/main/default/classes/ALLO_AllocationsService.cls
NPSP/force-app/main/default/classes/ALLO_AllocationsService_TEST.cls
NPSP/force-app/main/default/classes/ALLO_AllocationsSettings.cls
NPSP/force-app/main/default/classes/ALLO_AllocationsSettings_TEST.cls
NPSP/force-app/main/default/classes/ALLO_AllocationsUtil.cls
NPSP/force-app/main/default/classes/ALLO_AllocationsUtil_TEST.cls
NPSP/force-app/main/default/classes/ALLO_AllocationsWrapper.cls
NPSP/force-app/main/default/classes/ALLO_Allocations_TDTM.cls
NPSP/force-app/main/default/classes/ALLO_Allocations_TEST.cls
NPSP/force-app/main/default/classes/ALLO_MakeDefaultAllocations_BATCH.cls
NPSP/force-app/main/default/classes/ALLO_ManageAllocations_CTRL.cls
NPSP/force-app/main/default/classes/ALLO_ManageAllocations_TEST.cls
NPSP/force-app/main/default/classes/ALLO_Multicurrency_TDTM.cls
NPSP/force-app/main/default/classes/ALLO_Multicurrency_TEST.cls
NPSP/force-app/main/default/classes/ALLO_PaymentSync_SVC.cls
NPSP/force-app/main/default/classes/ALLO_PaymentSync_TDTM.cls
NPSP/force-app/main/default/classes/ALLO_PaymentSync_TEST.cls
NPSP/force-app/main/default/classes/ALLO_Rollup_SCHED.cls
NPSP/force-app/main/default/classes/ALLO_Rollup_TEST.cls
NPSP/force-app/main/default/classes/ALLO_UnitTestHelper_TEST.cls
NPSP/force-app/main/default/classes/AN_AutoNumberService.cls
NPSP/force-app/main/default/classes/AN_AutoNumberService_TEST.cls
NPSP/force-app/main/default/classes/AN_AutoNumber_TDTM.cls
NPSP/force-app/main/default/classes/AdditionalObjectJSON.cls
NPSP/force-app/main/default/classes/AdditionalObjectJSON_TEST.cls
NPSP/force-app/main/default/classes/AdvancedMappingEnablementService.cls
NPSP/force-app/main/default/classes/AdvancedMappingEnablementServiceMock.cls
NPSP/force-app/main/default/classes/AdvancedMappingEnablementService_TEST.cls
NPSP/force-app/main/default/classes/AggregateResultProxy.cls
NPSP/force-app/main/default/classes/AggregateResultProxy_TEST.cls
NPSP/force-app/main/default/classes/AllocationParent.cls
NPSP/force-app/main/default/classes/AllocationParent_TEST.cls
NPSP/force-app/main/default/classes/AllocationSelector.cls
NPSP/force-app/main/default/classes/AllocationSelector_TEST.cls
NPSP/force-app/main/default/classes/AsyncApexJobId.cls
NPSP/force-app/main/default/classes/AsyncApexJobSelector.cls
NPSP/force-app/main/default/classes/BDE_BatchDataEntry.cls
NPSP/force-app/main/default/classes/BDE_BatchDataEntry_TEST.cls
NPSP/force-app/main/default/classes/BDE_BatchEntry_CTRL.cls
NPSP/force-app/main/default/classes/BDE_BatchEntry_TEST.cls
NPSP/force-app/main/default/classes/BDI_AdditionalObjectService.cls
NPSP/force-app/main/default/classes/BDI_AdditionalObjectService_TEST.cls
NPSP/force-app/main/default/classes/BDI_BatchNumberSettingsController.cls
NPSP/force-app/main/default/classes/BDI_BatchNumberSettingsController_TEST.cls
NPSP/force-app/main/default/classes/BDI_BatchOverride_CTRL.cls
NPSP/force-app/main/default/classes/BDI_BatchOverride_TEST.cls
NPSP/force-app/main/default/classes/BDI_ContactService.cls
NPSP/force-app/main/default/classes/BDI_ContactService_TEST.cls
NPSP/force-app/main/default/classes/BDI_CustObjMappingGAUAllocation.cls
NPSP/force-app/main/default/classes/BDI_DataImportAPI_TEST.cls
NPSP/force-app/main/default/classes/BDI_DataImportBatchStatus_TDTM.cls
NPSP/force-app/main/default/classes/BDI_DataImportBatch_SCHED.cls
NPSP/force-app/main/default/classes/BDI_DataImportBatch_SEL.cls
NPSP/force-app/main/default/classes/BDI_DataImportBatch_TDTM.cls
NPSP/force-app/main/default/classes/BDI_DataImportBatch_TEST.cls
NPSP/force-app/main/default/classes/BDI_DataImportCTRL_TEST.cls
NPSP/force-app/main/default/classes/BDI_DataImportDeleteBTN_CTRL.cls
NPSP/force-app/main/default/classes/BDI_DataImportDeleteBTN_TEST.cls
NPSP/force-app/main/default/classes/BDI_DataImportFLSService.cls
NPSP/force-app/main/default/classes/BDI_DataImportFLSService_TEST.cls
NPSP/force-app/main/default/classes/BDI_DataImportService.cls
NPSP/force-app/main/default/classes/BDI_DataImportService_TEST.cls
NPSP/force-app/main/default/classes/BDI_DataImport_API.cls
NPSP/force-app/main/default/classes/BDI_DataImport_BATCH.cls
NPSP/force-app/main/default/classes/BDI_DataImport_CTRL.cls
NPSP/force-app/main/default/classes/BDI_DataImport_TEST.cls
NPSP/force-app/main/default/classes/BDI_DataImport_TEST2.cls
NPSP/force-app/main/default/classes/BDI_Donations.cls
NPSP/force-app/main/default/classes/BDI_Donations_TEST.cls
NPSP/force-app/main/default/classes/BDI_Donations_TEST2.cls
NPSP/force-app/main/default/classes/BDI_Donations_TEST3.cls
NPSP/force-app/main/default/classes/BDI_DryRun_TEST.cls
NPSP/force-app/main/default/classes/BDI_DynamicSource.cls
NPSP/force-app/main/default/classes/BDI_DynamicSourceGroup.cls
NPSP/force-app/main/default/classes/BDI_FieldMapping.cls
NPSP/force-app/main/default/classes/BDI_FieldMappingSet.cls
NPSP/force-app/main/default/classes/BDI_GAUAllocationsUtil.cls
NPSP/force-app/main/default/classes/BDI_GAUAllocationsUtil_TEST.cls
NPSP/force-app/main/default/classes/BDI_IMatchDonations.cls
NPSP/force-app/main/default/classes/BDI_IPostProcess.cls
NPSP/force-app/main/default/classes/BDI_ManageAdvancedMappingCtrl.cls
NPSP/force-app/main/default/classes/BDI_ManageAdvancedMappingCtrl_TEST.cls
NPSP/force-app/main/default/classes/BDI_MappingService.cls
NPSP/force-app/main/default/classes/BDI_MappingServiceAdvanced.cls
NPSP/force-app/main/default/classes/BDI_MappingServiceAdvanced_TEST.cls
NPSP/force-app/main/default/classes/BDI_MappingServiceHelpText.cls
NPSP/force-app/main/default/classes/BDI_MappingServiceHelpText_TEST.cls
NPSP/force-app/main/default/classes/BDI_MatchDonations.cls
NPSP/force-app/main/default/classes/BDI_MatchDonations_TEST.cls
NPSP/force-app/main/default/classes/BDI_MigrationMappingHelper.cls
NPSP/force-app/main/default/classes/BDI_MigrationMappingHelper_TEST.cls
NPSP/force-app/main/default/classes/BDI_MigrationMappingUtility.cls
NPSP/force-app/main/default/classes/BDI_MigrationMappingUtility_TEST.cls
NPSP/force-app/main/default/classes/BDI_ObjectMapping.cls
NPSP/force-app/main/default/classes/BDI_ObjectMappingLogic.cls
NPSP/force-app/main/default/classes/BDI_ObjectWrapper.cls
NPSP/force-app/main/default/classes/BDI_PerfLogger.cls
NPSP/force-app/main/default/classes/BDI_PerfLogger_TEST.cls
NPSP/force-app/main/default/classes/BDI_PostProcess_TEST.cls
NPSP/force-app/main/default/classes/BDI_ProcessSelectedDIs_CTRL.cls
NPSP/force-app/main/default/classes/BDI_ProcessSelectedDIs_TEST.cls
NPSP/force-app/main/default/classes/BDI_RecurringDonations.cls
NPSP/force-app/main/default/classes/BDI_RecurringDonations_TEST.cls
NPSP/force-app/main/default/classes/BDI_SettingsUI_CTRL.cls
NPSP/force-app/main/default/classes/BDI_SettingsUI_TEST.cls
NPSP/force-app/main/default/classes/BDI_TargetFields.cls
NPSP/force-app/main/default/classes/BGE_BatchGiftEntryTab_CTRL.cls
NPSP/force-app/main/default/classes/BGE_BatchGiftEntryTab_CTRL_TEST.cls
NPSP/force-app/main/default/classes/BGE_BatchGiftEntry_UTIL.cls
NPSP/force-app/main/default/classes/BGE_BatchGiftEntry_UTIL_TEST.cls
NPSP/force-app/main/default/classes/BGE_ConfigurationWizard_CTRL.cls
NPSP/force-app/main/default/classes/BGE_ConfigurationWizard_CTRL_TEST.cls
NPSP/force-app/main/default/classes/BGE_DataImportBatchEntry_CTRL.cls
NPSP/force-app/main/default/classes/BGE_DataImportBatchEntry_CTRL_TEST.cls
NPSP/force-app/main/default/classes/BGE_FormTemplate_TDTM.cls
NPSP/force-app/main/default/classes/CAM_CascadeDeleteLookups_TDTM.cls
NPSP/force-app/main/default/classes/CAM_CascadeDeleteLookups_TEST.cls
NPSP/force-app/main/default/classes/CAO_Constants.cls
NPSP/force-app/main/default/classes/CAO_Constants_API.cls
NPSP/force-app/main/default/classes/CAO_Constants_API_TEST.cls
NPSP/force-app/main/default/classes/CDL_CascadeDeleteLookups.cls
NPSP/force-app/main/default/classes/CDL_CascadeDeleteLookups_TDTM.cls
NPSP/force-app/main/default/classes/CDL_CascadeDeleteLookups_TEST.cls
NPSP/force-app/main/default/classes/CMT_FilterRule.cls
NPSP/force-app/main/default/classes/CMT_FilterRuleEvaluation_SVC.cls
NPSP/force-app/main/default/classes/CMT_FilterRuleEvaluation_TEST.cls
NPSP/force-app/main/default/classes/CMT_FilterRuleUI_SVC.cls
NPSP/force-app/main/default/classes/CMT_FilterRule_SEL.cls
NPSP/force-app/main/default/classes/CMT_FilterRule_TEST.cls
NPSP/force-app/main/default/classes/CMT_MetadataAPI.cls
NPSP/force-app/main/default/classes/CMT_MetadataAPI_TEST.cls
NPSP/force-app/main/default/classes/CMT_UnitTestData_TEST.cls
NPSP/force-app/main/default/classes/CONV_Account_Conversion_BATCH.cls
NPSP/force-app/main/default/classes/CONV_Account_Conversion_BATCH_TEST.cls
NPSP/force-app/main/default/classes/CONV_Account_Conversion_CTRL.cls
NPSP/force-app/main/default/classes/CONV_Account_Conversion_CTRL_TEST.cls
NPSP/force-app/main/default/classes/CON_AddToCampaign.cls
NPSP/force-app/main/default/classes/CON_CascadeDeleteLookups_TDTM.cls
NPSP/force-app/main/default/classes/CON_CascadeDeleteLookups_TEST.cls
NPSP/force-app/main/default/classes/CON_ChangeAccount_TEST.cls
NPSP/force-app/main/default/classes/CON_ContactMergeTDTM_TEST.cls
NPSP/force-app/main/default/classes/CON_ContactMergeTDTM_TEST2.cls
NPSP/force-app/main/default/classes/CON_ContactMerge_CTRL.cls
NPSP/force-app/main/default/classes/CON_ContactMerge_TDTM.cls
NPSP/force-app/main/default/classes/CON_ContactMerge_TEST.cls
NPSP/force-app/main/default/classes/CON_ContactMerge_TEST2.cls
NPSP/force-app/main/default/classes/CON_DeleteContactOverridePermissions.cls
NPSP/force-app/main/default/classes/CON_DeleteContactOverrideSelector.cls
NPSP/force-app/main/default/classes/CON_DeleteContactOverride_CTRL.cls
NPSP/force-app/main/default/classes/CON_DeleteContactOverride_TEST.cls
NPSP/force-app/main/default/classes/CON_DoNotContact_TDTM.cls
NPSP/force-app/main/default/classes/CON_DoNotContact_TEST.cls
NPSP/force-app/main/default/classes/CRLP_AccountSkew_AccSoftCredit_BATCH.cls
NPSP/force-app/main/default/classes/CRLP_AccountSkew_BATCH.cls
NPSP/force-app/main/default/classes/CRLP_AccountSkew_SoftCredit_BATCH.cls
NPSP/force-app/main/default/classes/CRLP_Account_AccSoftCredit_BATCH.cls
NPSP/force-app/main/default/classes/CRLP_Account_BATCH.cls
NPSP/force-app/main/default/classes/CRLP_Account_SoftCredit_BATCH.cls
NPSP/force-app/main/default/classes/CRLP_ApiExecuteRollups.cls
NPSP/force-app/main/default/classes/CRLP_ApiExecuteRollups_TEST.cls
NPSP/force-app/main/default/classes/CRLP_ApiService.cls
NPSP/force-app/main/default/classes/CRLP_ApiService_TEST.cls
NPSP/force-app/main/default/classes/CRLP_Batch_Base.cls
NPSP/force-app/main/default/classes/CRLP_Batch_Base_NonSkew.cls
NPSP/force-app/main/default/classes/CRLP_Batch_Base_Skew.cls
NPSP/force-app/main/default/classes/CRLP_Batch_Base_TEST.cls
NPSP/force-app/main/default/classes/CRLP_ConfigBuilder_SVC.cls
NPSP/force-app/main/default/classes/CRLP_ConfigBuilder_TEST.cls
NPSP/force-app/main/default/classes/CRLP_ContactSkew_BATCH.cls
NPSP/force-app/main/default/classes/CRLP_ContactSkew_SoftCredit_BATCH.cls
NPSP/force-app/main/default/classes/CRLP_Contact_BATCH.cls
NPSP/force-app/main/default/classes/CRLP_Contact_SoftCredit_BATCH.cls
NPSP/force-app/main/default/classes/CRLP_Debug_UTIL.cls
NPSP/force-app/main/default/classes/CRLP_DefaultConfigBuilder.cls
NPSP/force-app/main/default/classes/CRLP_DefaultConfigBuilder_SVC.cls
NPSP/force-app/main/default/classes/CRLP_DefaultConfigBuilder_TEST.cls
NPSP/force-app/main/default/classes/CRLP_EnablementService.cls
NPSP/force-app/main/default/classes/CRLP_EnablementService_TEST.cls
NPSP/force-app/main/default/classes/CRLP_FiscalYears.cls
NPSP/force-app/main/default/classes/CRLP_FiscalYears_TEST.cls
NPSP/force-app/main/default/classes/CRLP_GAU_BATCH.cls
NPSP/force-app/main/default/classes/CRLP_GAU_BATCH_TEST.cls
NPSP/force-app/main/default/classes/CRLP_Operation.cls
NPSP/force-app/main/default/classes/CRLP_Operation_SVC.cls
NPSP/force-app/main/default/classes/CRLP_Operation_TEST.cls
NPSP/force-app/main/default/classes/CRLP_Query_SEL.cls
NPSP/force-app/main/default/classes/CRLP_Query_SEL_TEST.cls
NPSP/force-app/main/default/classes/CRLP_RDSkew_BATCH.cls
NPSP/force-app/main/default/classes/CRLP_RD_BATCH.cls
NPSP/force-app/main/default/classes/CRLP_RecalculateBTN_CTRL.cls
NPSP/force-app/main/default/classes/CRLP_RecalculateBTN_TEST.cls
NPSP/force-app/main/default/classes/CRLP_ResetRollupFieldsQueueable.cls
NPSP/force-app/main/default/classes/CRLP_ResetRollupFieldsQueueable_TEST.cls
NPSP/force-app/main/default/classes/CRLP_Rollup.cls
NPSP/force-app/main/default/classes/CRLP_RollupAccSoftCredit_SVC.cls
NPSP/force-app/main/default/classes/CRLP_RollupAccSoftCredit_TEST.cls
NPSP/force-app/main/default/classes/CRLP_RollupAccount_SVC.cls
NPSP/force-app/main/default/classes/CRLP_RollupAccount_TEST.cls
NPSP/force-app/main/default/classes/CRLP_RollupBatch_SVC.cls
NPSP/force-app/main/default/classes/CRLP_RollupBatch_TEST.cls
NPSP/force-app/main/default/classes/CRLP_RollupCMT.cls
NPSP/force-app/main/default/classes/CRLP_RollupCMT_TEST.cls
NPSP/force-app/main/default/classes/CRLP_RollupContact_SVC.cls
NPSP/force-app/main/default/classes/CRLP_RollupContact_TEST.cls
NPSP/force-app/main/default/classes/CRLP_RollupGAU_SVC.cls
NPSP/force-app/main/default/classes/CRLP_RollupGAU_TEST.cls
NPSP/force-app/main/default/classes/CRLP_RollupProcessingOptions.cls
NPSP/force-app/main/default/classes/CRLP_RollupProcessor.cls
NPSP/force-app/main/default/classes/CRLP_RollupProcessor_SVC.cls
NPSP/force-app/main/default/classes/CRLP_RollupProcessor_TEST.cls
NPSP/force-app/main/default/classes/CRLP_RollupQueryBuilder.cls
NPSP/force-app/main/default/classes/CRLP_RollupQueryBuilder_TEST.cls
NPSP/force-app/main/default/classes/CRLP_RollupQueueable.cls
NPSP/force-app/main/default/classes/CRLP_RollupRD_SVC.cls
NPSP/force-app/main/default/classes/CRLP_RollupRecurringDonation_TEST.cls
NPSP/force-app/main/default/classes/CRLP_RollupScheduler_TEST.cls
NPSP/force-app/main/default/classes/CRLP_RollupSetup_CTRL.cls
NPSP/force-app/main/default/classes/CRLP_RollupSoftCredit_SVC.cls
NPSP/force-app/main/default/classes/CRLP_RollupSoftCredit_TEST.cls
NPSP/force-app/main/default/classes/CRLP_RollupUI_SVC.cls
NPSP/force-app/main/default/classes/CRLP_RollupUI_TEST.cls
NPSP/force-app/main/default/classes/CRLP_Rollup_SEL.cls
NPSP/force-app/main/default/classes/CRLP_Rollup_SEL_TEST.cls
NPSP/force-app/main/default/classes/CRLP_Rollup_SVC.cls
NPSP/force-app/main/default/classes/CRLP_Rollup_SVC_TEST.cls
NPSP/force-app/main/default/classes/CRLP_Rollup_TDTM.cls
NPSP/force-app/main/default/classes/CRLP_SkewDispatcher_BATCH.cls
NPSP/force-app/main/default/classes/CRLP_VRollupHandler.cls
NPSP/force-app/main/default/classes/CallableApiApexDelegationService.cls
NPSP/force-app/main/default/classes/CallableApiApexDelegationService_TEST.cls
NPSP/force-app/main/default/classes/CallableApiParameters.cls
NPSP/force-app/main/default/classes/CallableApiParameters_TEST.cls
NPSP/force-app/main/default/classes/CallableDispatchService_ERR.cls
NPSP/force-app/main/default/classes/CallableDispatchService_ERR_TEST.cls
NPSP/force-app/main/default/classes/Callable_API.cls
NPSP/force-app/main/default/classes/Callable_API_TEST.cls
NPSP/force-app/main/default/classes/ContactMergeService.cls
NPSP/force-app/main/default/classes/CustomNotificationTypeSelector.cls
NPSP/force-app/main/default/classes/DeceasedBatch.cls
NPSP/force-app/main/default/classes/DeceasedBatch_TEST.cls
NPSP/force-app/main/default/classes/Donation.cls
NPSP/force-app/main/default/classes/DonationDTO.cls
NPSP/force-app/main/default/classes/DonationHistoryController.cls
NPSP/force-app/main/default/classes/DonationHistoryController_TEST.cls
NPSP/force-app/main/default/classes/DonationSelector.cls
NPSP/force-app/main/default/classes/DonationSelector_TEST.cls
NPSP/force-app/main/default/classes/DonationService.cls
NPSP/force-app/main/default/classes/DonationService_TEST.cls
NPSP/force-app/main/default/classes/DonationView.cls
NPSP/force-app/main/default/classes/Donation_TEST.cls
NPSP/force-app/main/default/classes/Donations.cls
NPSP/force-app/main/default/classes/DonationsDTO.cls
NPSP/force-app/main/default/classes/DonationsView.cls
NPSP/force-app/main/default/classes/Donations_TEST.cls
NPSP/force-app/main/default/classes/EP_EngagementPlanTaskValidation_TDTM.cls
NPSP/force-app/main/default/classes/EP_EngagementPlanTaskValidation_TEST.cls
NPSP/force-app/main/default/classes/EP_EngagementPlans_TDTM.cls
NPSP/force-app/main/default/classes/EP_EngagementPlans_TEST.cls
NPSP/force-app/main/default/classes/EP_EngagementPlans_UTIL.cls
NPSP/force-app/main/default/classes/EP_ManageEPTemplate_CTRL.cls
NPSP/force-app/main/default/classes/EP_ManageEPTemplate_CTRL_TEST.cls
NPSP/force-app/main/default/classes/EP_TaskDependency_TDTM.cls
NPSP/force-app/main/default/classes/EP_TaskDependency_TEST.cls
NPSP/force-app/main/default/classes/EP_TaskRollup_TDTM.cls
NPSP/force-app/main/default/classes/EP_TaskRollup_TEST.cls
NPSP/force-app/main/default/classes/EP_Task_UTIL.cls
NPSP/force-app/main/default/classes/ERR_AddError_TEST.cls
NPSP/force-app/main/default/classes/ERR_AsyncErrors.cls
NPSP/force-app/main/default/classes/ERR_AsyncErrors_SCHED.cls
NPSP/force-app/main/default/classes/ERR_AsyncErrors_TEST.cls
NPSP/force-app/main/default/classes/ERR_ExceptionData.cls
NPSP/force-app/main/default/classes/ERR_ExceptionData_TEST.cls
NPSP/force-app/main/default/classes/ERR_ExceptionHandler.cls
NPSP/force-app/main/default/classes/ERR_ExceptionHandler_TEST.cls
NPSP/force-app/main/default/classes/ERR_Handler.cls
NPSP/force-app/main/default/classes/ERR_Handler_API.cls
NPSP/force-app/main/default/classes/ERR_Handler_CTRL_TEST.cls
NPSP/force-app/main/default/classes/ERR_Handler_TEST.cls
NPSP/force-app/main/default/classes/ERR_LogService.cls
NPSP/force-app/main/default/classes/ERR_LogService_TEST.cls
NPSP/force-app/main/default/classes/ERR_Log_CTRL.cls
NPSP/force-app/main/default/classes/ERR_Log_TEST.cls
NPSP/force-app/main/default/classes/ERR_Notifier.cls
NPSP/force-app/main/default/classes/ERR_Notifier_TEST.cls
NPSP/force-app/main/default/classes/ERR_ParentAccountUpdater2_TEST.cls
NPSP/force-app/main/default/classes/ERR_ParentAccountUpdater_TEST.cls
NPSP/force-app/main/default/classes/ERR_RecordError.cls
NPSP/force-app/main/default/classes/ERR_RecordError_TEST.cls
NPSP/force-app/main/default/classes/ElevateAdNotificationContent.cls
NPSP/force-app/main/default/classes/ElevateAuthorizedGift_TEST.cls
NPSP/force-app/main/default/classes/ElevateBatch.cls
NPSP/force-app/main/default/classes/ElevateBatchCapturer.cls
NPSP/force-app/main/default/classes/ElevateBatchCapturer_TEST.cls
NPSP/force-app/main/default/classes/ElevateBatchItem.cls
NPSP/force-app/main/default/classes/ElevateBatchItemCreateResponse.cls
NPSP/force-app/main/default/classes/ElevateBatchItemType.cls
NPSP/force-app/main/default/classes/ElevateBatchResponse.cls
NPSP/force-app/main/default/classes/ElevateBatchService.cls
NPSP/force-app/main/default/classes/ElevateBatchServiceInvalidRequest.cls
NPSP/force-app/main/default/classes/ElevateBatchServiceValidRequest.cls
NPSP/force-app/main/default/classes/ElevateCreateBatchItemRequest.cls
NPSP/force-app/main/default/classes/ElevateCreateBatchItemRequestDTO.cls
NPSP/force-app/main/default/classes/ElevatePaymentMethod.cls
NPSP/force-app/main/default/classes/ElevateTransactionStatus.cls
NPSP/force-app/main/default/classes/ErrorRecord.cls
NPSP/force-app/main/default/classes/GAU_TDTM.cls
NPSP/force-app/main/default/classes/GAU_TDTM_TEST.cls
NPSP/force-app/main/default/classes/GE_GiftEntryController.cls
NPSP/force-app/main/default/classes/GE_GiftEntryController_TEST.cls
NPSP/force-app/main/default/classes/GE_LookupController.cls
NPSP/force-app/main/default/classes/GE_LookupController_TEST.cls
NPSP/force-app/main/default/classes/GE_PaymentServices.cls
NPSP/force-app/main/default/classes/GE_PaymentServicesMock.cls
NPSP/force-app/main/default/classes/GE_PaymentServices_TEST.cls
NPSP/force-app/main/default/classes/GE_SettingsService.cls
NPSP/force-app/main/default/classes/GE_Template.cls
NPSP/force-app/main/default/classes/GE_Template_TEST.cls
NPSP/force-app/main/default/classes/GS_ApplicationStatusController.cls
NPSP/force-app/main/default/classes/GS_ApplicationStatusController_TEST.cls
NPSP/force-app/main/default/classes/GS_ChecklistSetup.cls
NPSP/force-app/main/default/classes/GS_ChecklistSetup_TEST.cls
NPSP/force-app/main/default/classes/GS_NonprofitTrialOrgService.cls
NPSP/force-app/main/default/classes/Gift.cls
NPSP/force-app/main/default/classes/GiftBatch.cls
NPSP/force-app/main/default/classes/GiftBatchAggregateGroupName.cls
NPSP/force-app/main/default/classes/GiftBatchDTO.cls
NPSP/force-app/main/default/classes/GiftBatchForQueueable.cls
NPSP/force-app/main/default/classes/GiftBatchForQueueable_TEST.cls
NPSP/force-app/main/default/classes/GiftBatchGroupedTotals.cls
NPSP/force-app/main/default/classes/GiftBatchGroupedTotals_TEST.cls
NPSP/force-app/main/default/classes/GiftBatchId.cls
NPSP/force-app/main/default/classes/GiftBatchSelector.cls
NPSP/force-app/main/default/classes/GiftBatchService.cls
NPSP/force-app/main/default/classes/GiftBatchService_TEST.cls
NPSP/force-app/main/default/classes/GiftBatchStatusGroup.cls
NPSP/force-app/main/default/classes/GiftBatchStatusGroup_TEST.cls
NPSP/force-app/main/default/classes/GiftBatchTotals.cls
NPSP/force-app/main/default/classes/GiftBatchView.cls
NPSP/force-app/main/default/classes/GiftBatchView_TEST.cls
NPSP/force-app/main/default/classes/GiftBatch_TEST.cls
NPSP/force-app/main/default/classes/GiftBatches.cls
NPSP/force-app/main/default/classes/GiftBatches_TEST.cls
NPSP/force-app/main/default/classes/GiftDTO.cls
NPSP/force-app/main/default/classes/GiftDTO_TEST.cls
NPSP/force-app/main/default/classes/GiftEntryEnablementService.cls
NPSP/force-app/main/default/classes/GiftEntryEnablement_TEST.cls
NPSP/force-app/main/default/classes/GiftEntryProcessorQueue.cls
NPSP/force-app/main/default/classes/GiftEntryProcessorQueueFinalizer.cls
NPSP/force-app/main/default/classes/GiftEntryProcessorQueueFinalizer_TEST.cls
NPSP/force-app/main/default/classes/GiftEntryProcessorQueue_TEST.cls
NPSP/force-app/main/default/classes/GiftId.cls
NPSP/force-app/main/default/classes/GiftSelector.cls
NPSP/force-app/main/default/classes/GiftSelector_TEST.cls
NPSP/force-app/main/default/classes/GiftService.cls
NPSP/force-app/main/default/classes/GiftTemplate.cls
NPSP/force-app/main/default/classes/GiftView.cls
NPSP/force-app/main/default/classes/GiftView_TEST.cls
NPSP/force-app/main/default/classes/Gift_Test.cls
NPSP/force-app/main/default/classes/Gifts.cls
NPSP/force-app/main/default/classes/GiftsSelectorForProcessing.cls
NPSP/force-app/main/default/classes/GiftsSelectorForProcessing_TEST.cls
NPSP/force-app/main/default/classes/Gifts_TEST.cls
NPSP/force-app/main/default/classes/HH_AutoCompleteDataProvider_LCTRL.cls
NPSP/force-app/main/default/classes/HH_CampaignDedupeBTN_CTRL.cls
NPSP/force-app/main/default/classes/HH_CampaignDedupeBTN_TEST.cls
NPSP/force-app/main/default/classes/HH_CampaignDedupe_BATCH.cls
NPSP/force-app/main/default/classes/HH_Container_LCTRL.cls
NPSP/force-app/main/default/classes/HH_Container_TEST.cls
NPSP/force-app/main/default/classes/HH_HHObject_TDTM.cls
NPSP/force-app/main/default/classes/HH_HouseholdNamingSettingValidator.cls
NPSP/force-app/main/default/classes/HH_HouseholdNamingSettingValidator_TEST.cls
NPSP/force-app/main/default/classes/HH_HouseholdNaming_BATCH.cls
NPSP/force-app/main/default/classes/HH_Households.cls
NPSP/force-app/main/default/classes/HH_Households_TDTM.cls
NPSP/force-app/main/default/classes/HH_INaming.cls
NPSP/force-app/main/default/classes/HH_ManageHH_CTRL.cls
NPSP/force-app/main/default/classes/HH_ManageHousehold_EXT.cls
NPSP/force-app/main/default/classes/HH_NameSpec.cls
NPSP/force-app/main/default/classes/HH_OppContactRoles_TDTM.cls
NPSP/force-app/main/default/classes/HH_OppContactRoles_TEST.cls
NPSP/force-app/main/default/classes/IAddress.cls
NPSP/force-app/main/default/classes/IAudience.cls
NPSP/force-app/main/default/classes/IGiftBatch.cls
NPSP/force-app/main/default/classes/IHouseholdMembers.cls
NPSP/force-app/main/default/classes/IIndividualBucketAccountSelector.cls
NPSP/force-app/main/default/classes/IInstallationNotification.cls
NPSP/force-app/main/default/classes/INamingExclusions.cls
NPSP/force-app/main/default/classes/INamingExclusionsString.cls
NPSP/force-app/main/default/classes/InboundGiftBatchDTO.cls
NPSP/force-app/main/default/classes/InboundGiftDTO.cls
NPSP/force-app/main/default/classes/InboundGiftDTO_TEST.cls
NPSP/force-app/main/default/classes/IndividualBucketAccount.cls
NPSP/force-app/main/default/classes/IndividualBucketAccountSelector.cls
NPSP/force-app/main/default/classes/IndividualBucketAccountTests_TEST.cls
NPSP/force-app/main/default/classes/InputFieldView.cls
NPSP/force-app/main/default/classes/InstallationNotifications.cls
NPSP/force-app/main/default/classes/InstallationNotificationsSelector.cls
NPSP/force-app/main/default/classes/InstallationNotifications_TEST.cls
NPSP/force-app/main/default/classes/LD_LeadConvertOverride_CTRL.cls
NPSP/force-app/main/default/classes/LD_LeadConvertOverride_TEST.cls
NPSP/force-app/main/default/classes/LVL_LevelAssignBATCH_TEST.cls
NPSP/force-app/main/default/classes/LVL_LevelAssign_BATCH.cls
NPSP/force-app/main/default/classes/LVL_LevelAssign_SCHED.cls
NPSP/force-app/main/default/classes/LVL_LevelEdit_CTRL.cls
NPSP/force-app/main/default/classes/LVL_LevelEdit_TEST.cls
NPSP/force-app/main/default/classes/LVL_Level_TDTM.cls
NPSP/force-app/main/default/classes/MTCH_FindGifts_CTRL.cls
NPSP/force-app/main/default/classes/MTCH_FindGifts_TEST.cls
NPSP/force-app/main/default/classes/MTCH_Opportunity_TDTM.cls
NPSP/force-app/main/default/classes/MTCH_Opportunity_TEST.cls
NPSP/force-app/main/default/classes/MockAudienceImpl.cls
NPSP/force-app/main/default/classes/Money.cls
NPSP/force-app/main/default/classes/NPSP_Address.cls
NPSP/force-app/main/default/classes/NPSP_Contact.cls
NPSP/force-app/main/default/classes/NPSP_Contact_TEST.cls
NPSP/force-app/main/default/classes/NPSP_Household.cls
NPSP/force-app/main/default/classes/NPSP_HouseholdAccount.cls
NPSP/force-app/main/default/classes/OPP_AccountSoftCredit_TDTM.cls
NPSP/force-app/main/default/classes/OPP_AutomatedSoftCreditsService.cls
NPSP/force-app/main/default/classes/OPP_AutomatedSoftCreditsService_TEST.cls
NPSP/force-app/main/default/classes/OPP_CampaignMember_TDTM.cls
NPSP/force-app/main/default/classes/OPP_CampaignMember_TEST.cls
NPSP/force-app/main/default/classes/OPP_CascadeDeleteLookups_TDTM.cls
NPSP/force-app/main/default/classes/OPP_CascadeDeleteLookups_TEST.cls
NPSP/force-app/main/default/classes/OPP_CurrencySync_TEST.cls
NPSP/force-app/main/default/classes/OPP_INaming.cls
NPSP/force-app/main/default/classes/OPP_MatchingDonationsBTN_CTRL.cls
NPSP/force-app/main/default/classes/OPP_MatchingDonationsBTN_TEST.cls
NPSP/force-app/main/default/classes/OPP_OpportunityContactRoles_TDTM.cls
NPSP/force-app/main/default/classes/OPP_OpportunityContactRoles_TEST.cls
NPSP/force-app/main/default/classes/OPP_OpportunityNaming.cls
NPSP/force-app/main/default/classes/OPP_OpportunityNamingBTN_CTRL.cls
NPSP/force-app/main/default/classes/OPP_OpportunityNaming_BATCH.cls
NPSP/force-app/main/default/classes/OPP_OpportunityNaming_BATCH_TEST.cls
NPSP/force-app/main/default/classes/OPP_OpportunityNaming_TEST.cls
NPSP/force-app/main/default/classes/OPP_PrimaryContactRoleMerge.cls
NPSP/force-app/main/default/classes/OPP_PrimaryContactRoleMerge_BATCH.cls
NPSP/force-app/main/default/classes/OPP_PrimaryContactRoleMerge_TEST.cls
NPSP/force-app/main/default/classes/OPP_PrimaryContact_BATCH.cls
NPSP/force-app/main/default/classes/OPP_PrimaryContact_TEST.cls
NPSP/force-app/main/default/classes/OPP_SendAcknowledgmentBTN_CTRL.cls
NPSP/force-app/main/default/classes/OPP_SendAcknowledgmentBTN_TEST.cls
NPSP/force-app/main/default/classes/OPP_StageMappingCMT.cls
NPSP/force-app/main/default/classes/OPP_StageMappingCMT_TEST.cls
NPSP/force-app/main/default/classes/OPP_StageMappingUtil.cls
NPSP/force-app/main/default/classes/OPP_StageMappingUtil_TEST.cls
NPSP/force-app/main/default/classes/OpportunitySelector.cls
NPSP/force-app/main/default/classes/OpportunitySelector_TEST.cls
NPSP/force-app/main/default/classes/OrgConfig.cls
NPSP/force-app/main/default/classes/OrganizationAccountTests_TEST.cls
NPSP/force-app/main/default/classes/OrganizationSelector.cls
NPSP/force-app/main/default/classes/PMT_CascadeDeleteLookups_TDTM.cls
NPSP/force-app/main/default/classes/PMT_CascadeDeleteLookups_TEST.cls
NPSP/force-app/main/default/classes/PMT_PaymentCreator.cls
NPSP/force-app/main/default/classes/PMT_PaymentCreator_BATCH.cls
NPSP/force-app/main/default/classes/PMT_PaymentCreator_TEST.cls
NPSP/force-app/main/default/classes/PMT_PaymentWizard_CTRL.cls
NPSP/force-app/main/default/classes/PMT_PaymentWizard_TEST.cls
NPSP/force-app/main/default/classes/PMT_Payment_TDTM.cls
NPSP/force-app/main/default/classes/PMT_Payment_TEST.cls
NPSP/force-app/main/default/classes/PMT_RefundController.cls
NPSP/force-app/main/default/classes/PMT_RefundController_TEST.cls
NPSP/force-app/main/default/classes/PMT_RefundService.cls
NPSP/force-app/main/default/classes/PMT_RefundService_TEST.cls
NPSP/force-app/main/default/classes/PMT_ValidationService.cls
NPSP/force-app/main/default/classes/PMT_ValidationService_TEST.cls
NPSP/force-app/main/default/classes/PSC_ManageSoftCredits_CTRL.cls
NPSP/force-app/main/default/classes/PSC_ManageSoftCredits_TEST.cls
NPSP/force-app/main/default/classes/PSC_Opportunity_TDTM.cls
NPSP/force-app/main/default/classes/PSC_PartialSoftCredit_TDTM.cls
NPSP/force-app/main/default/classes/PSC_PartialSoftCredit_TEST.cls
NPSP/force-app/main/default/classes/PS_CommitmentRequest.cls
NPSP/force-app/main/default/classes/PS_CommitmentRequest_TEST.cls
NPSP/force-app/main/default/classes/PS_GatewayManagement.cls
NPSP/force-app/main/default/classes/PS_GatewayManagement_TEST.cls
NPSP/force-app/main/default/classes/PS_GatewayService.cls
NPSP/force-app/main/default/classes/PS_GatewayService_TEST.cls
NPSP/force-app/main/default/classes/PS_IntegrationService.cls
NPSP/force-app/main/default/classes/PS_IntegrationServiceConfig.cls
NPSP/force-app/main/default/classes/PS_IntegrationServiceConfig_TEST.cls
NPSP/force-app/main/default/classes/PS_IntegrationService_TEST.cls
NPSP/force-app/main/default/classes/PS_ProductMetadata.cls
NPSP/force-app/main/default/classes/PS_ProductMetadata_TEST.cls
NPSP/force-app/main/default/classes/PS_Request.cls
NPSP/force-app/main/default/classes/PS_Request_TEST.cls
NPSP/force-app/main/default/classes/PaymentSelector.cls
NPSP/force-app/main/default/classes/PaymentSelector_TEST.cls
NPSP/force-app/main/default/classes/PaymentServicesConfigurationSelector.cls
NPSP/force-app/main/default/classes/PicklistOptionView.cls
NPSP/force-app/main/default/classes/PotentialDuplicates.cls
NPSP/force-app/main/default/classes/PotentialDuplicates_TEST.cls
NPSP/force-app/main/default/classes/RD2_ApiService.cls
NPSP/force-app/main/default/classes/RD2_ApiService_TEST.cls
NPSP/force-app/main/default/classes/RD2_AppView.cls
NPSP/force-app/main/default/classes/RD2_CancelCommitmentService.cls
NPSP/force-app/main/default/classes/RD2_CancelCommitmentService_TEST.cls
NPSP/force-app/main/default/classes/RD2_ChangeLog.cls
NPSP/force-app/main/default/classes/RD2_ChangeLogController.cls
NPSP/force-app/main/default/classes/RD2_ChangeLogSelector.cls
NPSP/force-app/main/default/classes/RD2_ChangeLogService.cls
NPSP/force-app/main/default/classes/RD2_ChangeLogService_TEST.cls
NPSP/force-app/main/default/classes/RD2_ChangeLogView.cls
NPSP/force-app/main/default/classes/RD2_ChangeLog_TEST.cls
NPSP/force-app/main/default/classes/RD2_ChangeView.cls
NPSP/force-app/main/default/classes/RD2_Commitment.cls
NPSP/force-app/main/default/classes/RD2_CommitmentService.cls
NPSP/force-app/main/default/classes/RD2_Constants.cls
NPSP/force-app/main/default/classes/RD2_CustomFieldMapper.cls
NPSP/force-app/main/default/classes/RD2_CustomFieldMapper_TEST.cls
NPSP/force-app/main/default/classes/RD2_DataMigrationBase_BATCH.cls
NPSP/force-app/main/default/classes/RD2_DataMigrationDryRun_BATCH.cls
NPSP/force-app/main/default/classes/RD2_DataMigrationEnablement.cls
NPSP/force-app/main/default/classes/RD2_DataMigrationEnablement_TEST.cls
NPSP/force-app/main/default/classes/RD2_DataMigrationMapper.cls
NPSP/force-app/main/default/classes/RD2_DataMigration_BATCH.cls
NPSP/force-app/main/default/classes/RD2_DataMigration_TEST.cls
NPSP/force-app/main/default/classes/RD2_DataRegulationService.cls
NPSP/force-app/main/default/classes/RD2_DatabaseService.cls
NPSP/force-app/main/default/classes/RD2_Donor.cls
NPSP/force-app/main/default/classes/RD2_Donor_TEST.cls
NPSP/force-app/main/default/classes/RD2_ERecurringDonationsSelector.cls
NPSP/force-app/main/default/classes/RD2_ERecurringDonationsSelector_TEST.cls
NPSP/force-app/main/default/classes/RD2_ETableController.cls
NPSP/force-app/main/default/classes/RD2_ETableController_TEST.cls
NPSP/force-app/main/default/classes/RD2_ElevateInformation_CTRL.cls
NPSP/force-app/main/default/classes/RD2_ElevateInformation_TEST.cls
NPSP/force-app/main/default/classes/RD2_ElevateIntegrationService.cls
NPSP/force-app/main/default/classes/RD2_ElevateIntegrationService_TEST.cls
NPSP/force-app/main/default/classes/RD2_EnablementDelegate_CTRL.cls
NPSP/force-app/main/default/classes/RD2_EnablementDelegate_TEST.cls
NPSP/force-app/main/default/classes/RD2_EnablementService.cls
NPSP/force-app/main/default/classes/RD2_EnablementService_TEST.cls
NPSP/force-app/main/default/classes/RD2_EntryFormController.cls
NPSP/force-app/main/default/classes/RD2_EntryFormController_TEST.cls
NPSP/force-app/main/default/classes/RD2_FieldChangeView.cls
NPSP/force-app/main/default/classes/RD2_NamingService.cls
NPSP/force-app/main/default/classes/RD2_NamingService_TEST.cls
NPSP/force-app/main/default/classes/RD2_OpportunityEvaluationService.cls
NPSP/force-app/main/default/classes/RD2_OpportunityEvaluationService_TEST.cls
NPSP/force-app/main/default/classes/RD2_OpportunityEvaluation_BATCH.cls
NPSP/force-app/main/default/classes/RD2_OpportunityEvaluation_TEST.cls
NPSP/force-app/main/default/classes/RD2_OpportunityMatcher.cls
NPSP/force-app/main/default/classes/RD2_OpportunityMatcher_TEST.cls
NPSP/force-app/main/default/classes/RD2_OpportunityService.cls
NPSP/force-app/main/default/classes/RD2_OpportunityService_TEST.cls
NPSP/force-app/main/default/classes/RD2_PauseForm_CTRL.cls
NPSP/force-app/main/default/classes/RD2_PauseForm_TEST.cls
NPSP/force-app/main/default/classes/RD2_QueryService.cls
NPSP/force-app/main/default/classes/RD2_QueueableService.cls
NPSP/force-app/main/default/classes/RD2_RecordView.cls
NPSP/force-app/main/default/classes/RD2_RecurringDonation.cls
NPSP/force-app/main/default/classes/RD2_RecurringDonationsOpp_TDTM.cls
NPSP/force-app/main/default/classes/RD2_RecurringDonationsOpp_TEST.cls
NPSP/force-app/main/default/classes/RD2_RecurringDonations_TDTM.cls
NPSP/force-app/main/default/classes/RD2_RecurringDonations_TEST.cls
NPSP/force-app/main/default/classes/RD2_SaveRequest.cls
NPSP/force-app/main/default/classes/RD2_SaveRequestHelper.cls
NPSP/force-app/main/default/classes/RD2_ScheduleService.cls
NPSP/force-app/main/default/classes/RD2_ScheduleService_TEST.cls
NPSP/force-app/main/default/classes/RD2_Settings.cls
NPSP/force-app/main/default/classes/RD2_Settings_TEST.cls
NPSP/force-app/main/default/classes/RD2_StatusAutomationService.cls
NPSP/force-app/main/default/classes/RD2_StatusAutomationService_TEST.cls
NPSP/force-app/main/default/classes/RD2_StatusAutomationSettings_CTRL.cls
NPSP/force-app/main/default/classes/RD2_StatusAutomationSettings_TEST.cls
NPSP/force-app/main/default/classes/RD2_StatusAutomationView.cls
NPSP/force-app/main/default/classes/RD2_StatusMapper.cls
NPSP/force-app/main/default/classes/RD2_StatusMapper_TEST.cls
NPSP/force-app/main/default/classes/RD2_StatusMappingSettings_CTRL.cls
NPSP/force-app/main/default/classes/RD2_StatusMappingSettings_TEST.cls
NPSP/force-app/main/default/classes/RD2_SustainerEvaluationService.cls
NPSP/force-app/main/default/classes/RD2_SustainerEvaluationService_TEST.cls
NPSP/force-app/main/default/classes/RD2_UpdateCommitmentBulkService.cls
NPSP/force-app/main/default/classes/RD2_UpdateCommitmentBulkService_TEST.cls
NPSP/force-app/main/default/classes/RD2_ValidationService.cls
NPSP/force-app/main/default/classes/RD2_ValidationService_TEST.cls
NPSP/force-app/main/default/classes/RD2_VisualizeScheduleController.cls
NPSP/force-app/main/default/classes/RD2_VisualizeScheduleController_TEST.cls
NPSP/force-app/main/default/classes/RD2_YearValueProcessor.cls
NPSP/force-app/main/default/classes/RD_AddDonationsBTN_CTRL.cls
NPSP/force-app/main/default/classes/RD_AddDonationsBTN_TEST.cls
NPSP/force-app/main/default/classes/RD_BulkTests_TEST.cls
NPSP/force-app/main/default/classes/RD_CascadeDeleteLookups_TDTM.cls
NPSP/force-app/main/default/classes/RD_CascadeDeleteLookups_TEST.cls
NPSP/force-app/main/default/classes/RD_Constants.cls
NPSP/force-app/main/default/classes/RD_InstallScript_BATCH.cls
NPSP/force-app/main/default/classes/RD_RecurringDonations.cls
NPSP/force-app/main/default/classes/RD_RecurringDonations_BATCH.cls
NPSP/force-app/main/default/classes/RD_RecurringDonations_Opp_TDTM.cls
NPSP/force-app/main/default/classes/RD_RecurringDonations_TDTM.cls
NPSP/force-app/main/default/classes/RD_RecurringDonations_TEST.cls
NPSP/force-app/main/default/classes/RD_RecurringDonations_TEST2.cls
NPSP/force-app/main/default/classes/REL_RelationshipsViewer_CTRL.cls
NPSP/force-app/main/default/classes/REL_Relationships_Cm_TDTM.cls
NPSP/force-app/main/default/classes/REL_Relationships_Con_TDTM.cls
NPSP/force-app/main/default/classes/REL_Relationships_TDTM.cls
NPSP/force-app/main/default/classes/REL_Relationships_TEST.cls
NPSP/force-app/main/default/classes/REL_Utils.cls
NPSP/force-app/main/default/classes/RLLP_OppAccRollup_BATCH.cls
NPSP/force-app/main/default/classes/RLLP_OppContactRollup_BATCH.cls
NPSP/force-app/main/default/classes/RLLP_OppHouseholdRollup_BATCH.cls
NPSP/force-app/main/default/classes/RLLP_OppPartialSoftCreditRollup.cls
NPSP/force-app/main/default/classes/RLLP_OppPartialSoftCreditRollup_TEST.cls
NPSP/force-app/main/default/classes/RLLP_OppRollup.cls
NPSP/force-app/main/default/classes/RLLP_OppRollupBATCH_TEST.cls
NPSP/force-app/main/default/classes/RLLP_OppRollup_TDTM.cls
NPSP/force-app/main/default/classes/RLLP_OppRollup_TEST.cls
NPSP/force-app/main/default/classes/RLLP_OppRollup_TEST2.cls
NPSP/force-app/main/default/classes/RLLP_OppRollup_UTIL.cls
NPSP/force-app/main/default/classes/RLLP_OppSoftCreditRollup_BATCH.cls
NPSP/force-app/main/default/classes/RP_Constants.cls
NPSP/force-app/main/default/classes/RP_GettingStartedController.cls
NPSP/force-app/main/default/classes/RP_GettingStartedTest.cls
NPSP/force-app/main/default/classes/RP_GitHubController.cls
NPSP/force-app/main/default/classes/RP_GitHubTest.cls
NPSP/force-app/main/default/classes/RP_HTTPClient.cls
NPSP/force-app/main/default/classes/RP_YoutubeController.cls
NPSP/force-app/main/default/classes/RP_YoutubeTest.cls
NPSP/force-app/main/default/classes/RecordCurrencyCode.cls
NPSP/force-app/main/default/classes/RelationshipSelector.cls
NPSP/force-app/main/default/classes/RelationshipsService.cls
NPSP/force-app/main/default/classes/RelationshipsTreeGridController.cls
NPSP/force-app/main/default/classes/RelationshipsTreeGrid_TEST.cls
NPSP/force-app/main/default/classes/STG_DataBoundMultiSelect_CTRL.cls
NPSP/force-app/main/default/classes/STG_InstallScript.cls
NPSP/force-app/main/default/classes/STG_InstallScript_TEST.cls
NPSP/force-app/main/default/classes/STG_InstallScript_TEST2.cls
NPSP/force-app/main/default/classes/STG_Panel.cls
NPSP/force-app/main/default/classes/STG_PanelADDRVerification_CTRL.cls
NPSP/force-app/main/default/classes/STG_PanelAffiliations_CTRL.cls
NPSP/force-app/main/default/classes/STG_PanelAlloBatch_CTRL.cls
NPSP/force-app/main/default/classes/STG_PanelAllocations_CTRL.cls
NPSP/force-app/main/default/classes/STG_PanelBDE_CTRL.cls
NPSP/force-app/main/default/classes/STG_PanelContactRoles_CTRL.cls
NPSP/force-app/main/default/classes/STG_PanelContacts_CTRL.cls
NPSP/force-app/main/default/classes/STG_PanelCreatePayments_CTRL.cls
NPSP/force-app/main/default/classes/STG_PanelCreatePayments_CTRL_TEST.cls
NPSP/force-app/main/default/classes/STG_PanelCustomizableRollup_CTRL.cls
NPSP/force-app/main/default/classes/STG_PanelDataImportAdvancedMapping_CTRL.cls
NPSP/force-app/main/default/classes/STG_PanelERR_CTRL.cls
NPSP/force-app/main/default/classes/STG_PanelErrorLog_CTRL.cls
NPSP/force-app/main/default/classes/STG_PanelHealthCheck_CTRL.cls
NPSP/force-app/main/default/classes/STG_PanelHealthCheck_TEST.cls
NPSP/force-app/main/default/classes/STG_PanelHouseholds_CTRL.cls
NPSP/force-app/main/default/classes/STG_PanelHouseholds_TEST.cls
NPSP/force-app/main/default/classes/STG_PanelLeads_CTRL.cls
NPSP/force-app/main/default/classes/STG_PanelLvlAssignBatch_CTRL.cls
NPSP/force-app/main/default/classes/STG_PanelLvlAssignBatch_CTRL_TEST.cls
NPSP/force-app/main/default/classes/STG_PanelMakeDefaultAllocations_CTRL.cls
NPSP/force-app/main/default/classes/STG_PanelMakeDefaultAllocations_TEST.cls
NPSP/force-app/main/default/classes/STG_PanelMembership_CTRL.cls
NPSP/force-app/main/default/classes/STG_PanelOppBatch_CTRL.cls
NPSP/force-app/main/default/classes/STG_PanelOppCampaignMembers_CTRL.cls
NPSP/force-app/main/default/classes/STG_PanelOppNamingBatch_CTRL.cls
NPSP/force-app/main/default/classes/STG_PanelOppNamingBatch_CTRL_TEST.cls
NPSP/force-app/main/default/classes/STG_PanelOppNaming_CTRL.cls
NPSP/force-app/main/default/classes/STG_PanelOppRollups_CTRL.cls
NPSP/force-app/main/default/classes/STG_PanelOpps_CTRL.cls
NPSP/force-app/main/default/classes/STG_PanelOpps_TEST.cls
NPSP/force-app/main/default/classes/STG_PanelPaymentMapping_CTRL.cls
NPSP/force-app/main/default/classes/STG_PanelPaymentMapping_CTRL_TEST.cls
NPSP/force-app/main/default/classes/STG_PanelPrimaryContactRoleMerge_CTRL.cls
NPSP/force-app/main/default/classes/STG_PanelRDBatch_CTRL.cls
NPSP/force-app/main/default/classes/STG_PanelRDBatch_CTRL_TEST.cls
NPSP/force-app/main/default/classes/STG_PanelRDCustomFieldMapping_CTRL.cls
NPSP/force-app/main/default/classes/STG_PanelRDCustomInstallment_CTRL.cls
NPSP/force-app/main/default/classes/STG_PanelRDHealthCheck.cls
NPSP/force-app/main/default/classes/STG_PanelRDHealthCheck_TEST.cls
NPSP/force-app/main/default/classes/STG_PanelRD_CTRL.cls
NPSP/force-app/main/default/classes/STG_PanelRelAuto_CTRL.cls
NPSP/force-app/main/default/classes/STG_PanelRelAuto_CTRL_TEST.cls
NPSP/force-app/main/default/classes/STG_PanelRelReciprocal_CTRL.cls
NPSP/force-app/main/default/classes/STG_PanelRelReciprocal_CTRL_TEST.cls
NPSP/force-app/main/default/classes/STG_PanelRel_CTRL.cls
NPSP/force-app/main/default/classes/STG_PanelRel_CTRL_TEST.cls
NPSP/force-app/main/default/classes/STG_PanelRenameHouseholds_CTRL.cls
NPSP/force-app/main/default/classes/STG_PanelRenameHouseholds_CTRL_TEST.cls
NPSP/force-app/main/default/classes/STG_PanelSchedule_CTRL.cls
NPSP/force-app/main/default/classes/STG_PanelTDTM_CTRL.cls
NPSP/force-app/main/default/classes/STG_PanelUpdatePrimaryContact_CTRL.cls
NPSP/force-app/main/default/classes/STG_PanelUpdatePrimaryContact_CTRL_TEST.cls
NPSP/force-app/main/default/classes/STG_PanelUserRollup_CTRL.cls
NPSP/force-app/main/default/classes/STG_SettingsManager_CTRL.cls
NPSP/force-app/main/default/classes/STG_SettingsManager_TEST.cls
NPSP/force-app/main/default/classes/STG_SettingsService.cls
NPSP/force-app/main/default/classes/STG_UninstallScript.cls
NPSP/force-app/main/default/classes/STG_UninstallScript_TEST.cls
NPSP/force-app/main/default/classes/SaveErrorView.cls
NPSP/force-app/main/default/classes/SaveResultView.cls
NPSP/force-app/main/default/classes/SoftCredit.cls
NPSP/force-app/main/default/classes/SoftCredit_TEST.cls
NPSP/force-app/main/default/classes/SoftCredits.cls
NPSP/force-app/main/default/classes/SoftCreditsDTO.cls
NPSP/force-app/main/default/classes/SoftCreditsView.cls
NPSP/force-app/main/default/classes/SoftCreditsView_TEST.cls
NPSP/force-app/main/default/classes/SoftCredits_TEST.cls
NPSP/force-app/main/default/classes/TEST_ContactBuilder.cls
NPSP/force-app/main/default/classes/TEST_OpportunityBuilder.cls
NPSP/force-app/main/default/classes/TEST_RecurringDonationBuilder.cls
NPSP/force-app/main/default/classes/TEST_SObjectGateway.cls
NPSP/force-app/main/default/classes/USER_InActiveUser_TDTM.cls
NPSP/force-app/main/default/classes/USER_InActiveUser_TDTM_TEST.cls
NPSP/force-app/main/default/classes/USER_MixedDML_TEST.cls
NPSP/force-app/main/default/classes/USER_UserService.cls
NPSP/force-app/main/default/classes/USER_UserService_TEST.cls
NPSP/force-app/main/default/classes/USNonElevateCustomers.cls
NPSP/force-app/main/default/classes/USNonElevateCustomers_TEST.cls
NPSP/force-app/main/default/classes/UTIL_AbstractChunkingLDV_BATCH.cls
NPSP/force-app/main/default/classes/UTIL_AbstractChunkingLDV_BATCH_TEST.cls
NPSP/force-app/main/default/classes/UTIL_AbstractChunkingLDV_MOCK.cls
NPSP/force-app/main/default/classes/UTIL_AbstractRollup_BATCH.cls
NPSP/force-app/main/default/classes/UTIL_AdditionalObjectData_TEST.cls
NPSP/force-app/main/default/classes/UTIL_Address.cls
NPSP/force-app/main/default/classes/UTIL_Address_TEST.cls
NPSP/force-app/main/default/classes/UTIL_AuraEnabledCommon.cls
NPSP/force-app/main/default/classes/UTIL_AuraEnabledCommon_TEST.cls
NPSP/force-app/main/default/classes/UTIL_BatchJobProgress_CTRL.cls
NPSP/force-app/main/default/classes/UTIL_BatchJobProgress_TEST.cls
NPSP/force-app/main/default/classes/UTIL_BatchJobService.cls
NPSP/force-app/main/default/classes/UTIL_BatchJobService_TEST.cls
NPSP/force-app/main/default/classes/UTIL_Currency.cls
NPSP/force-app/main/default/classes/UTIL_CurrencyCache.cls
NPSP/force-app/main/default/classes/UTIL_CurrencyCache_TEST.cls
NPSP/force-app/main/default/classes/UTIL_CurrencyConversion.cls
NPSP/force-app/main/default/classes/UTIL_CurrencyConversion_TEST.cls
NPSP/force-app/main/default/classes/UTIL_Currency_TEST.cls
NPSP/force-app/main/default/classes/UTIL_CustomSettingsFacade.cls
NPSP/force-app/main/default/classes/UTIL_CustomSettings_API.cls
NPSP/force-app/main/default/classes/UTIL_DMLService.cls
NPSP/force-app/main/default/classes/UTIL_DMLService_TEST.cls
NPSP/force-app/main/default/classes/UTIL_Debug.cls
NPSP/force-app/main/default/classes/UTIL_Describe.cls
NPSP/force-app/main/default/classes/UTIL_Describe_TEST.cls
NPSP/force-app/main/default/classes/UTIL_DuplicateMgmt.cls
NPSP/force-app/main/default/classes/UTIL_DuplicateMgmt_TEST.cls
NPSP/force-app/main/default/classes/UTIL_FeatureEnablement.cls
NPSP/force-app/main/default/classes/UTIL_FeatureEnablement_TEST.cls
NPSP/force-app/main/default/classes/UTIL_FeatureManagement.cls
NPSP/force-app/main/default/classes/UTIL_FeatureManagement_TEST.cls
NPSP/force-app/main/default/classes/UTIL_Finder.cls
NPSP/force-app/main/default/classes/UTIL_Finder_TEST.cls
NPSP/force-app/main/default/classes/UTIL_FiscalYearInfo.cls
NPSP/force-app/main/default/classes/UTIL_FiscalYearInfo_TEST.cls
NPSP/force-app/main/default/classes/UTIL_HtmlOutput_CTRL.cls
NPSP/force-app/main/default/classes/UTIL_HtmlOutput_TEST.cls
NPSP/force-app/main/default/classes/UTIL_Http.cls
NPSP/force-app/main/default/classes/UTIL_Http_TEST.cls
NPSP/force-app/main/default/classes/UTIL_IScheduled.cls
NPSP/force-app/main/default/classes/UTIL_IntegrationConfig.cls
NPSP/force-app/main/default/classes/UTIL_IntegrationConfig_TEST.cls
NPSP/force-app/main/default/classes/UTIL_IntegrationGateway.cls
NPSP/force-app/main/default/classes/UTIL_IntegrationGateway_TEST.cls
NPSP/force-app/main/default/classes/UTIL_JobProgress_CTRL.cls
NPSP/force-app/main/default/classes/UTIL_JobProgress_CTRL_TEST.cls
NPSP/force-app/main/default/classes/UTIL_Jwt.cls
NPSP/force-app/main/default/classes/UTIL_Jwt_TEST.cls
NPSP/force-app/main/default/classes/UTIL_LightningComponentSupport.cls
NPSP/force-app/main/default/classes/UTIL_ListCustomSettingsFacade.cls
NPSP/force-app/main/default/classes/UTIL_MasterSchedulable.cls
NPSP/force-app/main/default/classes/UTIL_MasterSchedulableHelper.cls
NPSP/force-app/main/default/classes/UTIL_Namespace.cls
NPSP/force-app/main/default/classes/UTIL_Namespace_TEST.cls
NPSP/force-app/main/default/classes/UTIL_OrderBy.cls
NPSP/force-app/main/default/classes/UTIL_OrderBy_TEST.cls
NPSP/force-app/main/default/classes/UTIL_OrgTelemetry_BATCH.cls
NPSP/force-app/main/default/classes/UTIL_OrgTelemetry_Batch_TEST.cls
NPSP/force-app/main/default/classes/UTIL_OrgTelemetry_SObject_BATCH.cls
NPSP/force-app/main/default/classes/UTIL_OrgTelemetry_SObject_BATCH_TEST.cls
NPSP/force-app/main/default/classes/UTIL_OrgTelemetry_SVC.cls
NPSP/force-app/main/default/classes/UTIL_OrgTelemetry_SVC_TEST.cls
NPSP/force-app/main/default/classes/UTIL_OrgTelemetry_TEST.cls
NPSP/force-app/main/default/classes/UTIL_PageMessages_CTRL.cls
NPSP/force-app/main/default/classes/UTIL_PerfLogger.cls
NPSP/force-app/main/default/classes/UTIL_PerfLogger_TEST.cls
NPSP/force-app/main/default/classes/UTIL_Permissions.cls
NPSP/force-app/main/default/classes/UTIL_Permissions_TEST.cls
NPSP/force-app/main/default/classes/UTIL_PlatformCache.cls
NPSP/force-app/main/default/classes/UTIL_Profile.cls
NPSP/force-app/main/default/classes/UTIL_Profile_TEST.cls
NPSP/force-app/main/default/classes/UTIL_Query.cls
NPSP/force-app/main/default/classes/UTIL_Query_TEST.cls
NPSP/force-app/main/default/classes/UTIL_RecordTypeSettingsUpdate.cls
NPSP/force-app/main/default/classes/UTIL_RecordTypeSettingsUpdate_TEST.cls
NPSP/force-app/main/default/classes/UTIL_RecordTypes.cls
NPSP/force-app/main/default/classes/UTIL_RecordTypes_API.cls
NPSP/force-app/main/default/classes/UTIL_RecordTypes_TEST.cls
NPSP/force-app/main/default/classes/UTIL_SObject.cls
NPSP/force-app/main/default/classes/UTIL_SObject_TEST.cls
NPSP/force-app/main/default/classes/UTIL_SalesforceID.cls
NPSP/force-app/main/default/classes/UTIL_SalesforceID_TEST.cls
NPSP/force-app/main/default/classes/UTIL_SoqlListView_CTRL.cls
NPSP/force-app/main/default/classes/UTIL_String.cls
NPSP/force-app/main/default/classes/UTIL_String_TEST.cls
NPSP/force-app/main/default/classes/UTIL_Typeahead.cls
NPSP/force-app/main/default/classes/UTIL_Typeahead_TEST.cls
NPSP/force-app/main/default/classes/UTIL_UnitTestData_TEST.cls
NPSP/force-app/main/default/classes/UTIL_Version_API.cls
NPSP/force-app/main/default/classes/UTIL_Where.cls
NPSP/force-app/main/default/classes/UTIL_Where_TEST.cls
NPSP/force-app/main/default/classes/UTIL_iSoqlListViewConsumer.cls
NPSP/force-app/main/default/classes/UnitOfWork.cls
NPSP/force-app/main/default/classes/UnitOfWork_TEST.cls
NPSP/force-app/main/default/classes/UserIds.cls
NPSP/force-app/main/default/classes/UserSelector.cls
NPSP/force-app/main/default/components/BDI_SettingsUI.component
NPSP/force-app/main/default/components/InsufficientPermissions.component
NPSP/force-app/main/default/components/RP_GettingStarted.component
NPSP/force-app/main/default/components/RP_GitHub.component
NPSP/force-app/main/default/components/RP_Youtube.component
NPSP/force-app/main/default/components/STG_DataBoundMultiSelect.component
NPSP/force-app/main/default/components/STG_PageHeader.component
NPSP/force-app/main/default/components/UTIL_FormField.component
NPSP/force-app/main/default/components/UTIL_HtmlOutput.component
NPSP/force-app/main/default/components/UTIL_InputField.component
NPSP/force-app/main/default/components/UTIL_JobProgressLightning.component
NPSP/force-app/main/default/components/UTIL_NavigateBack.component
NPSP/force-app/main/default/components/UTIL_PageHeader.component
NPSP/force-app/main/default/components/UTIL_PageMessages.component
NPSP/force-app/main/default/components/UTIL_SLDS_Icon.component
NPSP/force-app/main/default/components/UTIL_SingleToastMessage.component
NPSP/force-app/main/default/components/UTIL_SoqlListView.component
NPSP/force-app/main/default/components/UTIL_Tooltip.component
NPSP/force-app/main/default/components/UTIL_Typeahead.component
NPSP/force-app/main/default/pages/ACCT_ViewOverride.page
NPSP/force-app/main/default/pages/ADDR_CopyAddrHHObjBTN.page
NPSP/force-app/main/default/pages/ADDR_ValidatorBTN.page
NPSP/force-app/main/default/pages/ALLO_ManageAllocations.page
NPSP/force-app/main/default/pages/ALLO_RollupBTN.page
NPSP/force-app/main/default/pages/BDE_BatchEntry.page
NPSP/force-app/main/default/pages/BDI_BatchOverride.page
NPSP/force-app/main/default/pages/BDI_DataImport.page
NPSP/force-app/main/default/pages/BDI_DataImportDeleteBTN.page
NPSP/force-app/main/default/pages/BDI_ProcessSelectedDIs.page
NPSP/force-app/main/default/pages/CONV_Account_Conversion.page
NPSP/force-app/main/default/pages/CON_ContactMerge.page
NPSP/force-app/main/default/pages/CON_DeleteContactOverride.page
NPSP/force-app/main/default/pages/CRLP_RollupAccount_BTN.page
NPSP/force-app/main/default/pages/CRLP_RollupContact_BTN.page
NPSP/force-app/main/default/pages/CRLP_RollupRD_BTN.page
NPSP/force-app/main/default/pages/CRLP_RollupSetup.page
NPSP/force-app/main/default/pages/EP_ManageEPTemplate.page
NPSP/force-app/main/default/pages/GE_TokenizeCard.page
NPSP/force-app/main/default/pages/HH_CampaignDedupeBTN.page
NPSP/force-app/main/default/pages/HH_ManageHH.page
NPSP/force-app/main/default/pages/HH_ManageHHAccount.page
NPSP/force-app/main/default/pages/HH_ManageHousehold.page
NPSP/force-app/main/default/pages/LD_LeadConvertOverride.page
NPSP/force-app/main/default/pages/LVL_LevelEdit.page
NPSP/force-app/main/default/pages/MTCH_FindGifts.page
NPSP/force-app/main/default/pages/NPSP_Resources.page
NPSP/force-app/main/default/pages/OPP_MatchingDonationsBTN.page
NPSP/force-app/main/default/pages/OPP_OpportunityNamingBTN.page
NPSP/force-app/main/default/pages/OPP_SendAcknowledgmentBTN.page
NPSP/force-app/main/default/pages/PMT_PaymentWizard.page
NPSP/force-app/main/default/pages/PSC_ManageSoftCredits.page
NPSP/force-app/main/default/pages/RD_AddDonationsBTN.page
NPSP/force-app/main/default/pages/REL_RelationshipsViewer.page
NPSP/force-app/main/default/pages/RP_Resources.page
NPSP/force-app/main/default/pages/STG_PanelAddrVerification.page
NPSP/force-app/main/default/pages/STG_PanelAffiliations.page
NPSP/force-app/main/default/pages/STG_PanelAlloBatch.page
NPSP/force-app/main/default/pages/STG_PanelAllocations.page
NPSP/force-app/main/default/pages/STG_PanelBDE.page
NPSP/force-app/main/default/pages/STG_PanelContactRoles.page
NPSP/force-app/main/default/pages/STG_PanelContacts.page
NPSP/force-app/main/default/pages/STG_PanelCreatePayments.page
NPSP/force-app/main/default/pages/STG_PanelCustomizableRollup.page
NPSP/force-app/main/default/pages/STG_PanelDataImportAdvancedMapping.page
NPSP/force-app/main/default/pages/STG_PanelERR.page
NPSP/force-app/main/default/pages/STG_PanelErrorLog.page
NPSP/force-app/main/default/pages/STG_PanelGatewayManagement.page
NPSP/force-app/main/default/pages/STG_PanelHealthCheck.page
NPSP/force-app/main/default/pages/STG_PanelHome.page
NPSP/force-app/main/default/pages/STG_PanelHouseholds.page
NPSP/force-app/main/default/pages/STG_PanelLeads.page
NPSP/force-app/main/default/pages/STG_PanelLvlAssignBatch.page
NPSP/force-app/main/default/pages/STG_PanelMakeDefaultAllocations.page
NPSP/force-app/main/default/pages/STG_PanelMembership.page
NPSP/force-app/main/default/pages/STG_PanelOppBatch.page
NPSP/force-app/main/default/pages/STG_PanelOppCampaignMembers.page
NPSP/force-app/main/default/pages/STG_PanelOppNaming.page
NPSP/force-app/main/default/pages/STG_PanelOppNamingBatch.page
NPSP/force-app/main/default/pages/STG_PanelOppRollups.page
NPSP/force-app/main/default/pages/STG_PanelOpps.page
NPSP/force-app/main/default/pages/STG_PanelPaymentMapping.page
NPSP/force-app/main/default/pages/STG_PanelPrimaryContactRoleMerge.page
NPSP/force-app/main/default/pages/STG_PanelRD.page
NPSP/force-app/main/default/pages/STG_PanelRD2Enablement.page
NPSP/force-app/main/default/pages/STG_PanelRD2StatusAutomationSettings.page
NPSP/force-app/main/default/pages/STG_PanelRD2StatusMapping.page
NPSP/force-app/main/default/pages/STG_PanelRDBatch.page
NPSP/force-app/main/default/pages/STG_PanelRDCustomFieldMapping.page
NPSP/force-app/main/default/pages/STG_PanelRDCustomInstallment.page
NPSP/force-app/main/default/pages/STG_PanelRel.page
NPSP/force-app/main/default/pages/STG_PanelRelAuto.page
NPSP/force-app/main/default/pages/STG_PanelRelReciprocal.page
NPSP/force-app/main/default/pages/STG_PanelRenameHouseholds.page
NPSP/force-app/main/default/pages/STG_PanelSchedule.page
NPSP/force-app/main/default/pages/STG_PanelTDTM.page
NPSP/force-app/main/default/pages/STG_PanelUpdatePrimaryContact.page
NPSP/force-app/main/default/pages/STG_PanelUserRollup.page
NPSP/force-app/main/default/pages/STG_SettingsManager.page
NPSP/force-app/main/domain/Addresses.cls
NPSP/force-app/main/domain/ContactAndOrgSettings.cls
NPSP/force-app/main/domain/FieldMappings.cls
NPSP/force-app/main/domain/HouseholdId.cls
NPSP/force-app/main/domain/HouseholdMembers.cls
NPSP/force-app/main/domain/HouseholdName.cls
NPSP/force-app/main/domain/HouseholdNamingExclusionsCheckboxes.cls
NPSP/force-app/main/domain/HouseholdNamingExclusionsString.cls
NPSP/force-app/main/domain/HouseholdNamingUserControlledFields.cls
NPSP/force-app/main/domain/HouseholdSettings.cls
NPSP/force-app/main/domain/Households.cls
NPSP/force-app/main/domain/LegacyHouseholdMembers.cls
NPSP/force-app/main/domain/LegacyHouseholds.cls
NPSP/force-app/main/domain/NamingExclusions.cls
NPSP/force-app/main/instrumentation/classes/SfdoInstrumentationEnum.cls
NPSP/force-app/main/instrumentation/classes/SfdoInstrumentationMock_TEST.cls
NPSP/force-app/main/instrumentation/classes/SfdoInstrumentationService.cls
NPSP/force-app/main/instrumentation/classes/SfdoInstrumentationService_TEST.cls
NPSP/force-app/main/selector/ContactMergeSelector.cls
NPSP/force-app/main/selector/ContactSelector.cls
NPSP/force-app/main/selector/DonationHistorySelector.cls
NPSP/force-app/main/selector/FieldMappingSelector.cls
NPSP/force-app/main/selector/HouseholdSelector.cls
NPSP/force-app/main/selector/LegacyHouseholdSelector.cls
NPSP/force-app/main/service/AddressService.cls
NPSP/force-app/main/service/AddressServiceTests_TEST.cls
NPSP/force-app/main/service/ContactService.cls
NPSP/force-app/main/service/DonationHistoryService.cls
NPSP/force-app/main/service/HouseholdNamingService.cls
NPSP/force-app/main/service/HouseholdService.cls
NPSP/force-app/tdtm/classes/TDTM_Config_API.cls
NPSP/force-app/tdtm/classes/TDTM_Config_API_Test.cls
NPSP/force-app/tdtm/classes/TDTM_DMLgt200_TEST.cls
NPSP/force-app/tdtm/classes/TDTM_DefaultConfig.cls
NPSP/force-app/tdtm/classes/TDTM_ObjectDataGateway.cls
NPSP/force-app/tdtm/classes/TDTM_ObjectDataGateway_TEST.cls
NPSP/force-app/tdtm/classes/TDTM_ProcessControl.cls
NPSP/force-app/tdtm/classes/TDTM_Runnable.cls
NPSP/force-app/tdtm/classes/TDTM_RunnableMutable.cls
NPSP/force-app/tdtm/classes/TDTM_RunnableMutableMock_TEST.cls
NPSP/force-app/tdtm/classes/TDTM_RunnableMutable_TEST.cls
NPSP/force-app/tdtm/classes/TDTM_Runnable_TEST.cls
NPSP/force-app/tdtm/classes/TDTM_TriggerActionHelper.cls
NPSP/force-app/tdtm/classes/TDTM_TriggerHandler.cls
NPSP/force-app/tdtm/classes/TDTM_TriggerScaffolds_TEST.cls
NPSP/force-app/tdtm/classes/TDTM_iTableDataGateway.cls
NPSP/force-app/tdtm/triggerHandlers/account/ACCT_Accounts_TDTM.cls
NPSP/force-app/tdtm/triggerHandlers/account/ADDR_Account_TDTM.cls
NPSP/force-app/tdtm/triggerHandlers/address/ADDR_Addresses_TDTM.cls
NPSP/force-app/tdtm/triggerHandlers/contact/ACCT_IndividualAccounts_TDTM.cls
NPSP/force-app/tdtm/triggerHandlers/contact/ADDR_Contact_TDTM.cls
NPSP/force-app/tdtm/triggers/TDTM_Account.trigger
NPSP/force-app/tdtm/triggers/TDTM_AccountSoftCredit.trigger
NPSP/force-app/tdtm/triggers/TDTM_Address.trigger
NPSP/force-app/tdtm/triggers/TDTM_Affiliation.trigger
NPSP/force-app/tdtm/triggers/TDTM_Allocation.trigger
NPSP/force-app/tdtm/triggers/TDTM_Campaign.trigger
NPSP/force-app/tdtm/triggers/TDTM_CampaignMember.trigger
NPSP/force-app/tdtm/triggers/TDTM_Contact.trigger
NPSP/force-app/tdtm/triggers/TDTM_DataImport.trigger
NPSP/force-app/tdtm/triggers/TDTM_DataImportBatch.trigger
NPSP/force-app/tdtm/triggers/TDTM_EngagementPlan.trigger
NPSP/force-app/tdtm/triggers/TDTM_EngagementPlanTask.trigger
NPSP/force-app/tdtm/triggers/TDTM_FormTemplate.trigger
NPSP/force-app/tdtm/triggers/TDTM_GeneralAccountingUnit.trigger
NPSP/force-app/tdtm/triggers/TDTM_GrantDeadline.trigger
NPSP/force-app/tdtm/triggers/TDTM_HouseholdObject.trigger
NPSP/force-app/tdtm/triggers/TDTM_Lead.trigger
NPSP/force-app/tdtm/triggers/TDTM_Level.trigger
NPSP/force-app/tdtm/triggers/TDTM_Opportunity.trigger
NPSP/force-app/tdtm/triggers/TDTM_OpportunityContactRole.trigger
NPSP/force-app/tdtm/triggers/TDTM_PartialSoftCredit.trigger
NPSP/force-app/tdtm/triggers/TDTM_Payment.trigger
NPSP/force-app/tdtm/triggers/TDTM_RecurringDonation.trigger
NPSP/force-app/tdtm/triggers/TDTM_Relationship.trigger
NPSP/force-app/tdtm/triggers/TDTM_Task.trigger
NPSP/force-app/tdtm/triggers/TDTM_User.trigger
NPSP/scripts/New_Testing_User.cls
NPSP/scripts/configure_npsp_default_settings.cls
NPSP/scripts/trial/TrialCustomSettingsDefaults.cls
NPSP/unpackaged/config/con_merge_testing/classes/REG_ContactMergeUniqueField_TEST.cls
NPSP/unpackaged/config/config_ldv_org_for_testing/applications/Nonprofit_Success_Pack.app
NPSP/unpackaged/config/config_ldv_org_for_testing/classes/TEMP_ClosePledgedDonations.cls
NPSP/unpackaged/config/core_instrumentation_mock_classes/classes/SfdoLogUtils.cls
NPSP/unpackaged/config/crlp_testing/classes/CRLP_TEST_VALIDATE_ROLLUPS.cls
NPSP/unpackaged/config/ps_testing/classes/PS_TestPaymentService.cls
NPSP/unpackaged/config/trial/applications/Nonprofit_Success_Pack.app
NPSP/unpackaged/config/trial_tso/applications/Nonprofit_Success_Pack.app
NPSP/unpackaged/config/trial_tso/pages/NPSP_Home.page
Total files:     1169
